<html>
<body>
<pre>
<h1>µVision Build Log</h1>
<h2>Project:</h2>
D:\bs\wireless\201704251630\slave\Project\RVMDK£¨uv4£©\iSO-STM32.uvproj
Project File Date:  04/19/2017

<h2>Output:</h2>
Build target 'Template'
assembling startup_stm32f10x_hd.s...
compiling core_cm3.c...
compiling system_stm32f10x.c...
compiling misc.c...
compiling stm32f10x_adc.c...
compiling stm32f10x_bkp.c...
compiling stm32f10x_can.c...
compiling stm32f10x_cec.c...
compiling stm32f10x_crc.c...
compiling stm32f10x_dac.c...
compiling stm32f10x_dbgmcu.c...
compiling stm32f10x_dma.c...
compiling stm32f10x_exti.c...
compiling stm32f10x_flash.c...
compiling stm32f10x_fsmc.c...
compiling stm32f10x_gpio.c...
compiling stm32f10x_i2c.c...
compiling stm32f10x_iwdg.c...
compiling stm32f10x_pwr.c...
compiling stm32f10x_rcc.c...
compiling stm32f10x_rtc.c...
compiling stm32f10x_sdio.c...
compiling stm32f10x_spi.c...
compiling stm32f10x_tim.c...
compiling stm32f10x_usart.c...
compiling stm32f10x_wwdg.c...
compiling main.c...
..\..\User\GPS.h(8): warning:  #1-D: last line of file ends without a newline
..\..\User\main.c(41): warning:  #177-D: variable "i" was declared but never referenced
..\..\User\main.c(41): warning:  #177-D: variable "r" was declared but never referenced
compiling stm32f10x_it.c...
..\..\User\stm32f10x_it.c(153): warning:  #177-D: variable "key" was declared but never referenced
..\..\User\stm32f10x_it.c(154): warning:  #550-D: variable "status" was set but never used
..\..\User\stm32f10x_it.c(155): warning:  #177-D: variable "rxbuf" was declared but never referenced
..\..\User\stm32f10x_it.c(158): warning:  #177-D: variable "i" was declared but never referenced
compiling bsp_spi_nrf.c...
..\..\User\bsp_spi_nrf.c(494): warning:  #170-D: pointer points outside of underlying object
..\..\User\bsp_spi_nrf.c(507): warning:  #170-D: pointer points outside of underlying object
..\..\User\bsp_spi_nrf.c(584): warning:  #170-D: pointer points outside of underlying object
..\..\User\bsp_spi_nrf.c(384): warning:  #177-D: variable "time1" was declared but never referenced
..\..\User\bsp_spi_nrf.c(384): warning:  #177-D: variable "time2" was declared but never referenced
..\..\User\bsp_spi_nrf.c(386): warning:  #177-D: variable "ciphertext" was declared but never referenced
..\..\User\bsp_spi_nrf.c(387): warning:  #550-D: variable "status" was set but never used
..\..\User\bsp_spi_nrf.c(387): warning:  #177-D: variable "keyvalue" was declared but never referenced
..\..\User\bsp_spi_nrf.c(398): warning:  #177-D: variable "plaintext" was declared but never referenced
..\..\User\bsp_spi_nrf.c(410): warning:  #550-D: variable "data" was set but never used
compiling delay.c...
compiling KeyExti.c...
compiling oled.c...
compiling pcf8563.c...
..\..\User\pcf8563.c(158): warning:  #1-D: last line of file ends without a newline
compiling key.c...
compiling AES.c...
..\..\User\AES.c(314): warning:  #1-D: last line of file ends without a newline
compiling sys.c...
compiling usart.c...
compiling GPS.c...
linking...
Program Size: Code=19336 RO-data=2448 RW-data=1840 ZI-data=1880  
FromELF: creating hex file...
"..\..\Output\Template.axf" - 0 Errors, 19 Warning(s).
Build target 'Template'
compiling bsp_spi_nrf.c...
..\..\User\bsp_spi_nrf.c(423): warning:  #223-D: function "keydown" declared implicitly
..\..\User\bsp_spi_nrf.c(424): warning:  #223-D: function "keyarray_Scan" declared implicitly
..\..\User\bsp_spi_nrf.c(494): warning:  #170-D: pointer points outside of underlying object
..\..\User\bsp_spi_nrf.c(507): warning:  #170-D: pointer points outside of underlying object
..\..\User\bsp_spi_nrf.c(584): warning:  #170-D: pointer points outside of underlying object
..\..\User\bsp_spi_nrf.c(384): warning:  #177-D: variable "time1" was declared but never referenced
..\..\User\bsp_spi_nrf.c(384): warning:  #177-D: variable "time2" was declared but never referenced
..\..\User\bsp_spi_nrf.c(386): warning:  #177-D: variable "ciphertext" was declared but never referenced
..\..\User\bsp_spi_nrf.c(387): warning:  #550-D: variable "status" was set but never used
..\..\User\bsp_spi_nrf.c(398): warning:  #177-D: variable "plaintext" was declared but never referenced
..\..\User\bsp_spi_nrf.c(410): warning:  #550-D: variable "data" was set but never used
linking...
Program Size: Code=20168 RO-data=2448 RW-data=1840 ZI-data=1880  
FromELF: creating hex file...
"..\..\Output\Template.axf" - 0 Errors, 11 Warning(s).
Build target 'Template'
linking...
Program Size: Code=20168 RO-data=2448 RW-data=1840 ZI-data=1880  
FromELF: creating hex file...
"..\..\Output\Template.axf" - 0 Errors, 0 Warning(s).
Load "..\\..\\Output\\Template.axf" 
Set JLink Project File to "D:\bs\wireless\201704251630\slave\Project\RVMDK£¨uv4£©\JLinkSettings.ini"
* JLink Info: Device "STM32F103ZE" selected (512 KB flash, 64 KB RAM).
 
JLink info:
------------
DLL: V4.58a, compiled Dec  5 2012 18:38:08
Firmware: J-Link ARM V8 compiled Nov 14 2012 22:34:52
Hardware: V8.00
S/N : 304427281 
Feature(s) : RDI,FlashDL,FlashBP,JFlash,GDBFULL 
 
* JLink Info: TotalIRLen = 9, IRPrint = 0x0011
* JLink Info: TotalIRLen = 9, IRPrint = 0x0011
* JLink Info: Found Cortex-M3 r1p1, Little endian.
* JLink Info: TPIU fitted.
* JLink Info: ETM fitted.
* JLink Info: FPUnit: 6 code (BP) slots and 2 literal slots
ROMTableAddr = 0xE00FF003
* JLink Info: Found Cortex-M3 r1p1, Little endian.
* JLink Info: TPIU fitted.
* JLink Info: ETM fitted.
* JLink Info: FPUnit: 6 code (BP) slots and 2 literal slots
 
Target info:
------------
Device: STM32F103ZE
VTarget = 3.280V
State of Pins: 
TCK: 1, TDI: 0, TDO: 1, TMS: 0, TRES: 1, TRST: 1
Hardware-Breakpoints: 6
Software-Breakpoints: 8192
Watchpoints:          4
JTAG speed: 2000 kHz
 
Full Chip Erase Done.
Programming Done.
Verify OK.
* JLink Info: Found Cortex-M3 r1p1, Little endian.
* JLink Info: TPIU fitted.
* JLink Info: ETM fitted.
* JLink Info: FPUnit: 6 code (BP) slots and 2 literal slots
Application running ...
Build target 'Template'
compiling bsp_spi_nrf.c...
..\..\User\bsp_spi_nrf.c(423): warning:  #223-D: function "keydown" declared implicitly
..\..\User\bsp_spi_nrf.c(424): warning:  #223-D: function "keyarray_Scan" declared implicitly
..\..\User\bsp_spi_nrf.c(494): warning:  #170-D: pointer points outside of underlying object
..\..\User\bsp_spi_nrf.c(507): warning:  #170-D: pointer points outside of underlying object
..\..\User\bsp_spi_nrf.c(584): warning:  #170-D: pointer points outside of underlying object
..\..\User\bsp_spi_nrf.c(384): warning:  #177-D: variable "time1" was declared but never referenced
..\..\User\bsp_spi_nrf.c(384): warning:  #177-D: variable "time2" was declared but never referenced
..\..\User\bsp_spi_nrf.c(386): warning:  #177-D: variable "ciphertext" was declared but never referenced
..\..\User\bsp_spi_nrf.c(387): warning:  #550-D: variable "status" was set but never used
..\..\User\bsp_spi_nrf.c(398): warning:  #177-D: variable "plaintext" was declared but never referenced
..\..\User\bsp_spi_nrf.c(410): warning:  #550-D: variable "data" was set but never used
linking...
Program Size: Code=20168 RO-data=2448 RW-data=1840 ZI-data=1880  
FromELF: creating hex file...
"..\..\Output\Template.axf" - 0 Errors, 11 Warning(s).
Load "..\\..\\Output\\Template.axf" 
Set JLink Project File to "D:\bs\wireless\201704251630\slave\Project\RVMDK£¨uv4£©\JLinkSettings.ini"
* JLink Info: Device "STM32F103ZE" selected (512 KB flash, 64 KB RAM).
 
JLink info:
------------
DLL: V4.58a, compiled Dec  5 2012 18:38:08
Firmware: J-Link ARM V8 compiled Nov 14 2012 22:34:52
Hardware: V8.00
S/N : 304427281 
Feature(s) : RDI,FlashDL,FlashBP,JFlash,GDBFULL 
 
* JLink Info: TotalIRLen = 9, IRPrint = 0x0011
* JLink Info: TotalIRLen = 9, IRPrint = 0x0011
* JLink Info: Found Cortex-M3 r1p1, Little endian.
* JLink Info: TPIU fitted.
* JLink Info: ETM fitted.
* JLink Info: FPUnit: 6 code (BP) slots and 2 literal slots
ROMTableAddr = 0xE00FF003
* JLink Info: Found Cortex-M3 r1p1, Little endian.
* JLink Info: TPIU fitted.
* JLink Info: ETM fitted.
* JLink Info: FPUnit: 6 code (BP) slots and 2 literal slots
 
Target info:
------------
Device: STM32F103ZE
VTarget = 3.280V
State of Pins: 
TCK: 1, TDI: 0, TDO: 1, TMS: 0, TRES: 1, TRST: 1
Hardware-Breakpoints: 6
Software-Breakpoints: 8192
Watchpoints:          4
JTAG speed: 2000 kHz
 
Full Chip Erase Done.
Programming Done.
Verify OK.
* JLink Info: Found Cortex-M3 r1p1, Little endian.
* JLink Info: TPIU fitted.
* JLink Info: ETM fitted.
* JLink Info: FPUnit: 6 code (BP) slots and 2 literal slots
Application running ...
Build target 'Template'
compiling bsp_spi_nrf.c...
..\..\User\bsp_spi_nrf.c(423): warning:  #223-D: function "keydown" declared implicitly
..\..\User\bsp_spi_nrf.c(424): warning:  #223-D: function "keyarray_Scan" declared implicitly
..\..\User\bsp_spi_nrf.c(494): warning:  #170-D: pointer points outside of underlying object
..\..\User\bsp_spi_nrf.c(507): warning:  #170-D: pointer points outside of underlying object
..\..\User\bsp_spi_nrf.c(584): warning:  #170-D: pointer points outside of underlying object
..\..\User\bsp_spi_nrf.c(384): warning:  #177-D: variable "time1" was declared but never referenced
..\..\User\bsp_spi_nrf.c(384): warning:  #177-D: variable "time2" was declared but never referenced
..\..\User\bsp_spi_nrf.c(386): warning:  #177-D: variable "ciphertext" was declared but never referenced
..\..\User\bsp_spi_nrf.c(387): warning:  #550-D: variable "status" was set but never used
..\..\User\bsp_spi_nrf.c(398): warning:  #177-D: variable "plaintext" was declared but never referenced
..\..\User\bsp_spi_nrf.c(410): warning:  #550-D: variable "data" was set but never used
linking...
Program Size: Code=20168 RO-data=2448 RW-data=1840 ZI-data=1880  
FromELF: creating hex file...
"..\..\Output\Template.axf" - 0 Errors, 11 Warning(s).
Load "..\\..\\Output\\Template.axf" 
Set JLink Project File to "D:\bs\wireless\201704251630\slave\Project\RVMDK£¨uv4£©\JLinkSettings.ini"
* JLink Info: Device "STM32F103ZE" selected (512 KB flash, 64 KB RAM).
 
JLink info:
------------
DLL: V4.58a, compiled Dec  5 2012 18:38:08
Firmware: J-Link ARM V8 compiled Nov 14 2012 22:34:52
Hardware: V8.00
S/N : 304427281 
Feature(s) : RDI,FlashDL,FlashBP,JFlash,GDBFULL 
 
* JLink Info: TotalIRLen = 9, IRPrint = 0x0011
* JLink Info: TotalIRLen = 9, IRPrint = 0x0011
* JLink Info: Found Cortex-M3 r1p1, Little endian.
* JLink Info: TPIU fitted.
* JLink Info: ETM fitted.
* JLink Info: FPUnit: 6 code (BP) slots and 2 literal slots
ROMTableAddr = 0xE00FF003
* JLink Info: Found Cortex-M3 r1p1, Little endian.
* JLink Info: TPIU fitted.
* JLink Info: ETM fitted.
* JLink Info: FPUnit: 6 code (BP) slots and 2 literal slots
 
Target info:
------------
Device: STM32F103ZE
VTarget = 3.274V
State of Pins: 
TCK: 1, TDI: 0, TDO: 1, TMS: 0, TRES: 1, TRST: 1
Hardware-Breakpoints: 6
Software-Breakpoints: 8192
Watchpoints:          4
JTAG speed: 2000 kHz
 
Full Chip Erase Done.
Programming Done.
Verify OK.
* JLink Info: Found Cortex-M3 r1p1, Little endian.
* JLink Info: TPIU fitted.
* JLink Info: ETM fitted.
* JLink Info: FPUnit: 6 code (BP) slots and 2 literal slots
Application running ...
Build target 'Template'
compiling bsp_spi_nrf.c...
..\..\User\bsp_spi_nrf.c(423): warning:  #223-D: function "keydown" declared implicitly
..\..\User\bsp_spi_nrf.c(424): warning:  #223-D: function "keyarray_Scan" declared implicitly
..\..\User\bsp_spi_nrf.c(494): warning:  #170-D: pointer points outside of underlying object
..\..\User\bsp_spi_nrf.c(507): warning:  #170-D: pointer points outside of underlying object
..\..\User\bsp_spi_nrf.c(584): warning:  #170-D: pointer points outside of underlying object
..\..\User\bsp_spi_nrf.c(384): warning:  #177-D: variable "time1" was declared but never referenced
..\..\User\bsp_spi_nrf.c(384): warning:  #177-D: variable "time2" was declared but never referenced
..\..\User\bsp_spi_nrf.c(386): warning:  #177-D: variable "ciphertext" was declared but never referenced
..\..\User\bsp_spi_nrf.c(387): warning:  #550-D: variable "status" was set but never used
..\..\User\bsp_spi_nrf.c(398): warning:  #177-D: variable "plaintext" was declared but never referenced
..\..\User\bsp_spi_nrf.c(410): warning:  #550-D: variable "data" was set but never used
linking...
Program Size: Code=20168 RO-data=2448 RW-data=1840 ZI-data=1880  
FromELF: creating hex file...
"..\..\Output\Template.axf" - 0 Errors, 11 Warning(s).
Build target 'Template'
linking...
Program Size: Code=20168 RO-data=2448 RW-data=1840 ZI-data=1880  
FromELF: creating hex file...
"..\..\Output\Template.axf" - 0 Errors, 0 Warning(s).
Load "..\\..\\Output\\Template.axf" 
Set JLink Project File to "D:\bs\wireless\201704251630\slave\Project\RVMDK£¨uv4£©\JLinkSettings.ini"
* JLink Info: Device "STM32F103ZE" selected (512 KB flash, 64 KB RAM).
 
JLink info:
------------
DLL: V4.58a, compiled Dec  5 2012 18:38:08
Firmware: J-Link ARM V8 compiled Nov 14 2012 22:34:52
Hardware: V8.00
S/N : 304427281 
Feature(s) : RDI,FlashDL,FlashBP,JFlash,GDBFULL 
 
* JLink Info: TotalIRLen = 9, IRPrint = 0x0011
* JLink Info: TotalIRLen = 9, IRPrint = 0x0011
* JLink Info: Found Cortex-M3 r1p1, Little endian.
* JLink Info: TPIU fitted.
* JLink Info: ETM fitted.
* JLink Info: FPUnit: 6 code (BP) slots and 2 literal slots
ROMTableAddr = 0xE00FF003
* JLink Info: Found Cortex-M3 r1p1, Little endian.
* JLink Info: TPIU fitted.
* JLink Info: ETM fitted.
* JLink Info: FPUnit: 6 code (BP) slots and 2 literal slots
 
Target info:
------------
Device: STM32F103ZE
VTarget = 3.280V
State of Pins: 
TCK: 1, TDI: 0, TDO: 1, TMS: 0, TRES: 1, TRST: 1
Hardware-Breakpoints: 6
Software-Breakpoints: 8192
Watchpoints:          4
JTAG speed: 2000 kHz
 
Full Chip Erase Done.
Programming Done.
Verify OK.
* JLink Info: Found Cortex-M3 r1p1, Little endian.
* JLink Info: TPIU fitted.
* JLink Info: ETM fitted.
* JLink Info: FPUnit: 6 code (BP) slots and 2 literal slots
Application running ...
Build target 'Template'
compiling key.c...
linking...
Program Size: Code=20168 RO-data=2448 RW-data=1840 ZI-data=1880  
FromELF: creating hex file...
"..\..\Output\Template.axf" - 0 Errors, 0 Warning(s).
Load "..\\..\\Output\\Template.axf" 
Set JLink Project File to "D:\bs\wireless\201704251630\slave\Project\RVMDK£¨uv4£©\JLinkSettings.ini"
* JLink Info: Device "STM32F103ZE" selected (512 KB flash, 64 KB RAM).
 
JLink info:
------------
DLL: V4.58a, compiled Dec  5 2012 18:38:08
Firmware: J-Link ARM V8 compiled Nov 14 2012 22:34:52
Hardware: V8.00
S/N : 304427281 
Feature(s) : RDI,FlashDL,FlashBP,JFlash,GDBFULL 
 
* JLink Info: TotalIRLen = 9, IRPrint = 0x0011
* JLink Info: TotalIRLen = 9, IRPrint = 0x0011
* JLink Info: Found Cortex-M3 r1p1, Little endian.
* JLink Info: TPIU fitted.
* JLink Info: ETM fitted.
* JLink Info: FPUnit: 6 code (BP) slots and 2 literal slots
ROMTableAddr = 0xE00FF003
* JLink Info: Found Cortex-M3 r1p1, Little endian.
* JLink Info: TPIU fitted.
* JLink Info: ETM fitted.
* JLink Info: FPUnit: 6 code (BP) slots and 2 literal slots
 
Target info:
------------
Device: STM32F103ZE
VTarget = 3.274V
State of Pins: 
TCK: 1, TDI: 0, TDO: 1, TMS: 0, TRES: 1, TRST: 1
Hardware-Breakpoints: 6
Software-Breakpoints: 8192
Watchpoints:          4
JTAG speed: 2000 kHz
 
Full Chip Erase Done.
Programming Done.
Verify OK.
* JLink Info: Found Cortex-M3 r1p1, Little endian.
* JLink Info: TPIU fitted.
* JLink Info: ETM fitted.
* JLink Info: FPUnit: 6 code (BP) slots and 2 literal slots
Application running ...
Build target 'Template'
compiling key.c...
linking...
Program Size: Code=20168 RO-data=2448 RW-data=1840 ZI-data=1880  
FromELF: creating hex file...
"..\..\Output\Template.axf" - 0 Errors, 0 Warning(s).
Build target 'Template'
compiling key.c...
linking...
Program Size: Code=20172 RO-data=2448 RW-data=1840 ZI-data=1880  
FromELF: creating hex file...
"..\..\Output\Template.axf" - 0 Errors, 0 Warning(s).
Build target 'Template'
compiling key.c...
linking...
Program Size: Code=20172 RO-data=2448 RW-data=1840 ZI-data=1880  
FromELF: creating hex file...
"..\..\Output\Template.axf" - 0 Errors, 0 Warning(s).
Load "..\\..\\Output\\Template.axf" 
Set JLink Project File to "D:\bs\wireless\201704251630\slave\Project\RVMDK£¨uv4£©\JLinkSettings.ini"
* JLink Info: Device "STM32F103ZE" selected (512 KB flash, 64 KB RAM).
 
JLink info:
------------
DLL: V4.58a, compiled Dec  5 2012 18:38:08
Firmware: J-Link ARM V8 compiled Nov 14 2012 22:34:52
Hardware: V8.00
S/N : 304427281 
Feature(s) : RDI,FlashDL,FlashBP,JFlash,GDBFULL 
 
* JLink Info: TotalIRLen = 9, IRPrint = 0x0011
* JLink Info: TotalIRLen = 9, IRPrint = 0x0011
* JLink Info: Found Cortex-M3 r1p1, Little endian.
* JLink Info: TPIU fitted.
* JLink Info: ETM fitted.
* JLink Info: FPUnit: 6 code (BP) slots and 2 literal slots
ROMTableAddr = 0xE00FF003
* JLink Info: Found Cortex-M3 r1p1, Little endian.
* JLink Info: TPIU fitted.
* JLink Info: ETM fitted.
* JLink Info: FPUnit: 6 code (BP) slots and 2 literal slots
 
Target info:
------------
Device: STM32F103ZE
VTarget = 3.280V
State of Pins: 
TCK: 1, TDI: 0, TDO: 1, TMS: 0, TRES: 1, TRST: 1
Hardware-Breakpoints: 6
Software-Breakpoints: 8192
Watchpoints:          4
JTAG speed: 2000 kHz
 
Full Chip Erase Done.
Programming Done.
Verify OK.
* JLink Info: Found Cortex-M3 r1p1, Little endian.
* JLink Info: TPIU fitted.
* JLink Info: ETM fitted.
* JLink Info: FPUnit: 6 code (BP) slots and 2 literal slots
Application running ...
Build target 'Template'
compiling bsp_spi_nrf.c...
..\..\User\bsp_spi_nrf.c(423): warning:  #223-D: function "keydown" declared implicitly
..\..\User\bsp_spi_nrf.c(424): warning:  #223-D: function "keyarray_Scan" declared implicitly
..\..\User\bsp_spi_nrf.c(494): warning:  #170-D: pointer points outside of underlying object
..\..\User\bsp_spi_nrf.c(507): warning:  #170-D: pointer points outside of underlying object
..\..\User\bsp_spi_nrf.c(584): warning:  #170-D: pointer points outside of underlying object
..\..\User\bsp_spi_nrf.c(384): warning:  #177-D: variable "time1" was declared but never referenced
..\..\User\bsp_spi_nrf.c(384): warning:  #177-D: variable "time2" was declared but never referenced
..\..\User\bsp_spi_nrf.c(386): warning:  #177-D: variable "ciphertext" was declared but never referenced
..\..\User\bsp_spi_nrf.c(387): warning:  #550-D: variable "status" was set but never used
..\..\User\bsp_spi_nrf.c(398): warning:  #177-D: variable "plaintext" was declared but never referenced
..\..\User\bsp_spi_nrf.c(410): warning:  #550-D: variable "data" was set but never used
linking...
Program Size: Code=20172 RO-data=2448 RW-data=1840 ZI-data=1880  
FromELF: creating hex file...
"..\..\Output\Template.axf" - 0 Errors, 11 Warning(s).
Load "..\\..\\Output\\Template.axf" 
Set JLink Project File to "D:\bs\wireless\201704251630\slave\Project\RVMDK£¨uv4£©\JLinkSettings.ini"
* JLink Info: Device "STM32F103ZE" selected (512 KB flash, 64 KB RAM).
 
JLink info:
------------
DLL: V4.58a, compiled Dec  5 2012 18:38:08
Firmware: J-Link ARM V8 compiled Nov 14 2012 22:34:52
Hardware: V8.00
S/N : 304427281 
Feature(s) : RDI,FlashDL,FlashBP,JFlash,GDBFULL 
 
* JLink Info: TotalIRLen = 9, IRPrint = 0x0011
* JLink Info: TotalIRLen = 9, IRPrint = 0x0011
* JLink Info: Found Cortex-M3 r1p1, Little endian.
* JLink Info: TPIU fitted.
* JLink Info: ETM fitted.
* JLink Info: FPUnit: 6 code (BP) slots and 2 literal slots
ROMTableAddr = 0xE00FF003
* JLink Info: Found Cortex-M3 r1p1, Little endian.
* JLink Info: TPIU fitted.
* JLink Info: ETM fitted.
* JLink Info: FPUnit: 6 code (BP) slots and 2 literal slots
 
Target info:
------------
Device: STM32F103ZE
VTarget = 3.274V
State of Pins: 
TCK: 1, TDI: 0, TDO: 1, TMS: 0, TRES: 1, TRST: 1
Hardware-Breakpoints: 6
Software-Breakpoints: 8192
Watchpoints:          4
JTAG speed: 2000 kHz
 
Full Chip Erase Done.
Programming Done.
Verify OK.
* JLink Info: Found Cortex-M3 r1p1, Little endian.
* JLink Info: TPIU fitted.
* JLink Info: ETM fitted.
* JLink Info: FPUnit: 6 code (BP) slots and 2 literal slots
Application running ...
Build target 'Template'
linking...
Program Size: Code=20172 RO-data=2448 RW-data=1840 ZI-data=1880  
FromELF: creating hex file...
"..\..\Output\Template.axf" - 0 Errors, 0 Warning(s).
