<html>
<body>
<pre>
<h1>µVision Build Log</h1>
<h2>Project:</h2>
D:\bs\wireless\201704251630\slave\Project\RVMDK£¨uv4£©\iSO-STM32.uvproj
Project File Date:  04/19/2017

<h2>Output:</h2>
Build target 'Template'
assembling startup_stm32f10x_hd.s...
compiling core_cm3.c...
compiling system_stm32f10x.c...
compiling misc.c...
compiling stm32f10x_adc.c...
compiling stm32f10x_bkp.c...
compiling stm32f10x_can.c...
compiling stm32f10x_cec.c...
compiling stm32f10x_crc.c...
compiling stm32f10x_dac.c...
compiling stm32f10x_dbgmcu.c...
compiling stm32f10x_dma.c...
compiling stm32f10x_exti.c...
compiling stm32f10x_flash.c...
compiling stm32f10x_fsmc.c...
compiling stm32f10x_gpio.c...
compiling stm32f10x_i2c.c...
compiling stm32f10x_iwdg.c...
compiling stm32f10x_pwr.c...
compiling stm32f10x_rcc.c...
compiling stm32f10x_rtc.c...
compiling stm32f10x_sdio.c...
compiling stm32f10x_spi.c...
compiling stm32f10x_tim.c...
compiling stm32f10x_usart.c...
compiling stm32f10x_wwdg.c...
compiling main.c...
..\..\User\GPS.h(8): warning:  #1-D: last line of file ends without a newline
..\..\User\main.c(41): warning:  #177-D: variable "i" was declared but never referenced
..\..\User\main.c(41): warning:  #177-D: variable "r" was declared but never referenced
compiling stm32f10x_it.c...
compiling bsp_spi_nrf.c...
..\..\User\bsp_spi_nrf.c(479): warning:  #223-D: function "delay_ms" declared implicitly
..\..\User\bsp_spi_nrf.c(483): warning:  #170-D: pointer points outside of underlying object
..\..\User\bsp_spi_nrf.c(498): warning:  #170-D: pointer points outside of underlying object
..\..\User\bsp_spi_nrf.c(585): warning:  #170-D: pointer points outside of underlying object
..\..\User\bsp_spi_nrf.c(598): warning:  #223-D: function "keydown" declared implicitly
..\..\User\bsp_spi_nrf.c(599): warning:  #223-D: function "keyarray_Scan" declared implicitly
..\..\User\bsp_spi_nrf.c(656): warning:  #170-D: pointer points outside of underlying object
..\..\User\bsp_spi_nrf.c(679): warning:  #111-D: statement is unreachable
..\..\User\bsp_spi_nrf.c(386): warning:  #177-D: variable "ciphertext" was declared but never referenced
..\..\User\bsp_spi_nrf.c(387): warning:  #550-D: variable "status" was set but never used
..\..\User\bsp_spi_nrf.c(394): warning:  #177-D: variable "plaintext" was declared but never referenced
compiling delay.c...
compiling KeyExti.c...
compiling oled.c...
compiling pcf8563.c...
..\..\User\pcf8563.c(158): warning:  #1-D: last line of file ends without a newline
compiling key.c...
..\..\User\key.c(143): warning:  #1-D: last line of file ends without a newline
compiling AES.c...
..\..\User\AES.c(314): warning:  #1-D: last line of file ends without a newline
compiling sys.c...
compiling usart.c...
compiling GPS.c...
linking...
Program Size: Code=19664 RO-data=2448 RW-data=1828 ZI-data=1916  
FromELF: creating hex file...
"..\..\Output\Template.axf" - 0 Errors, 17 Warning(s).
Build target 'Template'
compiling bsp_spi_nrf.c...
..\..\User\bsp_spi_nrf.c(418): warning:  #223-D: function "keydown" declared implicitly
..\..\User\bsp_spi_nrf.c(419): warning:  #223-D: function "keyarray_Scan" declared implicitly
..\..\User\bsp_spi_nrf.c(479): warning:  #223-D: function "delay_ms" declared implicitly
..\..\User\bsp_spi_nrf.c(483): warning:  #170-D: pointer points outside of underlying object
..\..\User\bsp_spi_nrf.c(498): warning:  #170-D: pointer points outside of underlying object
..\..\User\bsp_spi_nrf.c(585): warning:  #170-D: pointer points outside of underlying object
..\..\User\bsp_spi_nrf.c(598): warning:  #223-D: function "keydown" declared implicitly
..\..\User\bsp_spi_nrf.c(599): warning:  #223-D: function "keyarray_Scan" declared implicitly
..\..\User\bsp_spi_nrf.c(656): warning:  #170-D: pointer points outside of underlying object
..\..\User\bsp_spi_nrf.c(679): warning:  #111-D: statement is unreachable
..\..\User\bsp_spi_nrf.c(386): warning:  #177-D: variable "ciphertext" was declared but never referenced
..\..\User\bsp_spi_nrf.c(387): warning:  #550-D: variable "status" was set but never used
..\..\User\bsp_spi_nrf.c(394): warning:  #177-D: variable "plaintext" was declared but never referenced
linking...
Program Size: Code=19948 RO-data=2448 RW-data=1828 ZI-data=1916  
FromELF: creating hex file...
"..\..\Output\Template.axf" - 0 Errors, 13 Warning(s).
Build target 'Template'
linking...
Program Size: Code=19948 RO-data=2448 RW-data=1828 ZI-data=1916  
FromELF: creating hex file...
"..\..\Output\Template.axf" - 0 Errors, 0 Warning(s).
