ARM Linker, 5.03 [Build 76] [MDK-ARM Standard]

==============================================================================

Section Cross References

    startup_stm32f10x_hd.o(RESET) refers to startup_stm32f10x_hd.o(STACK) for __initial_sp
    startup_stm32f10x_hd.o(RESET) refers to startup_stm32f10x_hd.o(.text) for Reset_Handler
    startup_stm32f10x_hd.o(RESET) refers to stm32f10x_it.o(.text) for NMI_Handler
    startup_stm32f10x_hd.o(RESET) refers to usart.o(.text) for USART3_IRQHandler
    startup_stm32f10x_hd.o(.text) refers to system_stm32f10x.o(.text) for SystemInit
    startup_stm32f10x_hd.o(.text) refers to entry.o(.ARM.Collect$$$$00000000) for __main
    system_stm32f10x.o(.text) refers to system_stm32f10x.o(.data) for SystemCoreClock
    stm32f10x_adc.o(.text) refers to stm32f10x_rcc.o(.text) for RCC_APB2PeriphResetCmd
    stm32f10x_bkp.o(.text) refers to stm32f10x_rcc.o(.text) for RCC_BackupResetCmd
    stm32f10x_can.o(.text) refers to stm32f10x_rcc.o(.text) for RCC_APB1PeriphResetCmd
    stm32f10x_cec.o(.text) refers to stm32f10x_rcc.o(.text) for RCC_APB1PeriphResetCmd
    stm32f10x_dac.o(.text) refers to stm32f10x_rcc.o(.text) for RCC_APB1PeriphResetCmd
    stm32f10x_gpio.o(.text) refers to stm32f10x_rcc.o(.text) for RCC_APB2PeriphResetCmd
    stm32f10x_i2c.o(.text) refers to stm32f10x_rcc.o(.text) for RCC_APB1PeriphResetCmd
    stm32f10x_pwr.o(.text) refers to stm32f10x_rcc.o(.text) for RCC_APB1PeriphResetCmd
    stm32f10x_rcc.o(.text) refers to stm32f10x_rcc.o(.data) for APBAHBPrescTable
    stm32f10x_spi.o(.text) refers to stm32f10x_rcc.o(.text) for RCC_APB2PeriphResetCmd
    stm32f10x_tim.o(.text) refers to stm32f10x_rcc.o(.text) for RCC_APB2PeriphResetCmd
    stm32f10x_usart.o(.text) refers to stm32f10x_rcc.o(.text) for RCC_APB2PeriphResetCmd
    stm32f10x_wwdg.o(.text) refers to stm32f10x_rcc.o(.text) for RCC_APB1PeriphResetCmd
    main.o(.text) refers to bsp_timebase.o(.text) for TIM2_Configuration
    main.o(.text) refers to keyexti.o(.text) for KeyExti_Config
    main.o(.text) refers to delay.o(.text) for delay_init
    main.o(.text) refers to usart.o(.text) for uart_init
    main.o(.text) refers to sys.o(.text) for NVIC_Configuration_gps
    main.o(.text) refers to bsp_spi_nrf.o(.text) for SPI_NRF_Init
    main.o(.text) refers to oled.o(.text) for OLED_Init
    main.o(.text) refers to printf1.o(i.__0printf$1) for __2printf
    main.o(.text) refers to stm32f10x_gpio.o(.text) for GPIO_SetBits
    main.o(.text) refers to gps.o(.text) for parseGpsBuffer
    main.o(.text) refers to main.o(.data) for status1
    stm32f10x_it.o(.text) refers to stm32f10x_exti.o(.text) for EXTI_GetITStatus
    stm32f10x_it.o(.text) refers to stm32f10x_rcc.o(.text) for RCC_APB1PeriphClockCmd
    stm32f10x_it.o(.text) refers to bsp_spi_nrf.o(.text) for shakehand
    stm32f10x_it.o(.text) refers to printf1.o(i.__0printf$1) for __2printf
    stm32f10x_it.o(.text) refers to stm32f10x_tim.o(.text) for TIM_GetITStatus
    stm32f10x_it.o(.text) refers to pcf8563.o(.text) for PCF8563_GetTime
    stm32f10x_it.o(.text) refers to memcpya.o(.text) for __aeabi_memcpy4
    stm32f10x_it.o(.text) refers to stm32f10x_it.o(.data) for timer
    stm32f10x_it.o(.text) refers to stm32f10x_it.o(.bss) for key
    bsp_spi_nrf.o(.text) refers to stm32f10x_rcc.o(.text) for RCC_APB2PeriphClockCmd
    bsp_spi_nrf.o(.text) refers to stm32f10x_gpio.o(.text) for GPIO_Init
    bsp_spi_nrf.o(.text) refers to stm32f10x_spi.o(.text) for SPI_Init
    bsp_spi_nrf.o(.text) refers to memcpya.o(.text) for __aeabi_memcpy4
    bsp_spi_nrf.o(.text) refers to malloc.o(i.malloc) for malloc
    bsp_spi_nrf.o(.text) refers to aes.o(.text) for aes_key_schedule_128
    bsp_spi_nrf.o(.text) refers to rand.o(.text) for srand
    bsp_spi_nrf.o(.text) refers to pcf8563.o(.text) for PCF8563_GetTime
    bsp_spi_nrf.o(.text) refers to printf1.o(i.__0printf$1) for __2printf
    bsp_spi_nrf.o(.text) refers to bsp_spi_nrf.o(.data) for RX_ADDRESS
    bsp_spi_nrf.o(.text) refers to bsp_spi_nrf.o(.constdata) for .constdata
    bsp_spi_nrf.o(.text) refers to stm32f10x_it.o(.bss) for key
    bsp_spi_nrf.o(.text) refers to delay.o(.text) for delay_ms
    bsp_spi_nrf.o(.text) refers to mktime.o(.text) for mktime
    bsp_spi_nrf.o(.text) refers to difftime.o(i.difftime) for difftime
    bsp_spi_nrf.o(.text) refers to dfixi.o(.text) for __aeabi_d2iz
    bsp_spi_nrf.o(.text) refers to key.o(.text) for keydown
    bsp_spi_nrf.o(.text) refers to malloc.o(i.free) for free
    delay.o(.text) refers to misc.o(.text) for SysTick_CLKSourceConfig
    delay.o(.text) refers to system_stm32f10x.o(.data) for SystemCoreClock
    delay.o(.text) refers to delay.o(.data) for fac_us
    keyexti.o(.text) refers to misc.o(.text) for NVIC_PriorityGroupConfig
    keyexti.o(.text) refers to stm32f10x_rcc.o(.text) for RCC_APB2PeriphClockCmd
    keyexti.o(.text) refers to stm32f10x_gpio.o(.text) for GPIO_Init
    keyexti.o(.text) refers to stm32f10x_exti.o(.text) for EXTI_Init
[...]
    printfa.o(i._fp_digits) refers to ddiv.o(.text) for __aeabi_ddiv
    printfa.o(i._fp_digits) refers to cdrcmple.o(.text) for __aeabi_cdrcmple
    printfa.o(i._fp_digits) refers to dadd.o(.text) for __aeabi_dadd
    printfa.o(i._fp_digits) refers to dfixul.o(.text) for __aeabi_d2ulz
    printfa.o(i._fp_digits) refers to uldiv.o(.text) for __aeabi_uldivmod
    printfa.o(i._printf_core) refers (Special) to iusefp.o(.text) for __I$use$fp
    printfa.o(i._printf_core) refers to printfa.o(i._printf_pre_padding) for _printf_pre_padding
    printfa.o(i._printf_core) refers to uldiv.o(.text) for __aeabi_uldivmod
    printfa.o(i._printf_core) refers to printfa.o(i._printf_post_padding) for _printf_post_padding
    printfa.o(i._printf_core) refers to printfa.o(i._fp_digits) for _fp_digits
    printfa.o(i._printf_core) refers to uidiv.o(.text) for __aeabi_uidivmod
    printfa.o(i._printf_post_padding) refers (Special) to iusefp.o(.text) for __I$use$fp
    printfa.o(i._printf_pre_padding) refers (Special) to iusefp.o(.text) for __I$use$fp
    printfa.o(i._snputc) refers (Special) to iusefp.o(.text) for __I$use$fp
    printfa.o(i._sputc) refers (Special) to iusefp.o(.text) for __I$use$fp
    malloc.o(i.free) refers to mvars.o(.data) for __microlib_freelist
    malloc.o(i.malloc) refers to mvars.o(.data) for __microlib_freelist_initialised
    malloc.o(i.malloc) refers to mvars.o(.data) for __microlib_freelist
    malloc.o(i.malloc) refers to startup_stm32f10x_hd.o(HEAP) for __heap_base
    mallocr.o(i.__free$realloc) refers to mvars.o(.data) for __microlib_freelist
    mallocr.o(i.__malloc$realloc) refers to mallocr.o(i.internal_alloc) for internal_alloc
    mallocr.o(i.__malloc$realloc) refers to mvars.o(.data) for __microlib_freelist_initialised
    mallocr.o(i.__malloc$realloc) refers to startup_stm32f10x_hd.o(HEAP) for __heap_base
    mallocr.o(i.__malloc$realloc) refers to mvars.o(.data) for __microlib_freelist
    mallocr.o(i.internal_alloc) refers to memcpya.o(.text) for __aeabi_memcpy
    mallocr.o(i.internal_alloc) refers to mvars.o(.data) for __microlib_freelist
    mallocr.o(i.realloc) refers to mallocr.o(i.__free$realloc) for __free$realloc
    mallocr.o(i.realloc) refers to mallocr.o(i.internal_alloc) for internal_alloc
    mallocr.o(i.realloc) refers to mallocr.o(i.__malloc$realloc) for __malloc$realloc
    mallocr.o(i.realloc) refers to mvars.o(.data) for __microlib_freelist
    malloca.o(i.__aligned_malloc) refers to mvars.o(.data) for __microlib_freelist_initialised
    malloca.o(i.__aligned_malloc) refers to mvars.o(.data) for __microlib_freelist
    malloca.o(i.__aligned_malloc) refers to startup_stm32f10x_hd.o(HEAP) for __heap_base
    malloca.o(i.__free$memalign) refers to mvars.o(.data) for __microlib_freelist
    malloca.o(i.__malloc$memalign) refers to malloca.o(i.__aligned_malloc) for __aligned_malloc
    mallocra.o(i.__aligned_malloc$realloc) refers to mallocra.o(i.internal_alloc) for internal_alloc
    mallocra.o(i.__aligned_malloc$realloc) refers to mvars.o(.data) for __microlib_freelist_initialised
    mallocra.o(i.__aligned_malloc$realloc) refers to startup_stm32f10x_hd.o(HEAP) for __heap_base
    mallocra.o(i.__aligned_malloc$realloc) refers to mvars.o(.data) for __microlib_freelist
    mallocra.o(i.__free$realloc$memalign) refers to mvars.o(.data) for __microlib_freelist
    mallocra.o(i.__malloc$realloc$memalign) refers to mallocra.o(i.__aligned_malloc$realloc) for __aligned_malloc$realloc
    mallocra.o(i.__realloc$memalign) refers to mallocra.o(i.__free$realloc$memalign) for __free$realloc$memalign
    mallocra.o(i.__realloc$memalign) refers to mallocra.o(i.internal_alloc) for internal_alloc
    mallocra.o(i.__realloc$memalign) refers to mallocra.o(i.__malloc$realloc$memalign) for __malloc$realloc$memalign
    mallocra.o(i.__realloc$memalign) refers to mvars.o(.data) for __microlib_freelist
    mallocra.o(i.internal_alloc) refers to memcpya.o(.text) for __aeabi_memcpy
    mallocra.o(i.internal_alloc) refers to mvars.o(.data) for __microlib_freelist
    dfixi.o(.text) refers (Special) to iusefp.o(.text) for __I$use$fp
    dfixi.o(.text) refers to llushr.o(.text) for __aeabi_llsr
    entry2.o(.ARM.Collect$$$$00000001) refers to entry2.o(.ARM.Collect$$$$00002712) for __lit__00000000
    entry2.o(.ARM.Collect$$$$00002712) refers to startup_stm32f10x_hd.o(STACK) for __initial_sp
    entry2.o(__vectab_stack_and_reset_area) refers to startup_stm32f10x_hd.o(STACK) for __initial_sp
    entry2.o(__vectab_stack_and_reset_area) refers to entry.o(.ARM.Collect$$$$00000000) for __main
    entry5.o(.ARM.Collect$$$$00000004) refers to init.o(.text) for __scatterload
    entry9a.o(.ARM.Collect$$$$0000000B) refers to main.o(.text) for main
    entry9b.o(.ARM.Collect$$$$0000000C) refers to main.o(.text) for main
    uldiv.o(.text) refers to llushr.o(.text) for __aeabi_llsr
    uldiv.o(.text) refers to llshl.o(.text) for __aeabi_llsl
    localtime_w.o(.text) refers to localtime_i.o(.text) for _localtime
    localtime_w.o(.text) refers to localtime_w.o(.bss) for .bss
    localtime_i.o(.text) refers to localtime_i.o(.constdata) for .constdata
    dadd.o(.text) refers to llshl.o(.text) for __aeabi_llsl
    dadd.o(.text) refers to llsshr.o(.text) for __aeabi_lasr
    dadd.o(.text) refers to depilogue.o(.text) for _double_epilogue
    dmul.o(.text) refers to depilogue.o(.text) for _double_epilogue
    ddiv.o(.text) refers to depilogue.o(.text) for _double_round
    dfltui.o(.text) refers to depilogue.o(.text) for _double_epilogue
    dfixul.o(.text) refers to llushr.o(.text) for __aeabi_llsr
    dfixul.o(.text) refers to llshl.o(.text) for __aeabi_llsl
    init.o(.text) refers to entry5.o(.ARM.Collect$$$$00000004) for __main_after_scatterload
    depilogue.o(.text) refers to llshl.o(.text) for __aeabi_llsl
    depilogue.o(.text) refers to llushr.o(.text) for __aeabi_llsr


==============================================================================

Removing Unused input sections from the image.

    Removing core_cm3.o(.emb_text), (32 bytes).
    Removing stm32f10x_adc.o(.text), (1102 bytes).
    Removing stm32f10x_bkp.o(.text), (196 bytes).
    Removing stm32f10x_can.o(.text), (2540 bytes).
    Removing stm32f10x_cec.o(.text), (288 bytes).
    Removing stm32f10x_crc.o(.text), (72 bytes).
    Removing stm32f10x_dac.o(.text), (396 bytes).
    Removing stm32f10x_dbgmcu.o(.text), (48 bytes).
    Removing stm32f10x_dma.o(.text), (592 bytes).
    Removing stm32f10x_flash.o(.text), (1468 bytes).
    Removing stm32f10x_fsmc.o(.text), (1560 bytes).
    Removing stm32f10x_iwdg.o(.text), (64 bytes).
    Removing stm32f10x_pwr.o(.text), (204 bytes).
    Removing stm32f10x_rtc.o(.text), (324 bytes).
    Removing stm32f10x_sdio.o(.text), (472 bytes).
    Removing stm32f10x_wwdg.o(.text), (136 bytes).
    Removing main.o(.bss), (16 bytes).
    Removing myiic.o(.text), (632 bytes).

18 unused section(s) (total 10142 bytes) removed from the image.

==============================================================================

Image Symbol Table

    Local Symbols

    Symbol Name                              Value     Ov Type        Size  Object(Section)

    ../clib/../cmprslib/zerorunl2.c          0x00000000   Number         0  __dczerorl2.o ABSOLUTE
    ../clib/microlib/division.c              0x00000000   Number         0  uldiv.o ABSOLUTE
    ../clib/microlib/division.c              0x00000000   Number         0  uidiv.o ABSOLUTE
    ../clib/microlib/init/entry.s            0x00000000   Number         0  entry2.o ABSOLUTE
    ../clib/microlib/init/entry.s            0x00000000   Number         0  entry5.o ABSOLUTE
    ../clib/microlib/init/entry.s            0x00000000   Number         0  entry10b.o ABSOLUTE
    ../clib/microlib/init/entry.s            0x00000000   Number         0  entry10a.o ABSOLUTE
    ../clib/microlib/init/entry.s            0x00000000   Number         0  entry9b.o ABSOLUTE
    ../clib/microlib/init/entry.s            0x00000000   Number         0  entry7a.o ABSOLUTE
    ../clib/microlib/init/entry.s            0x00000000   Number         0  entry7b.o ABSOLUTE
    ../clib/microlib/init/entry.s            0x00000000   Number         0  entry9a.o ABSOLUTE
    ../clib/microlib/init/entry.s            0x00000000   Number         0  entry.o ABSOLUTE
    ../clib/microlib/init/entry.s            0x00000000   Number         0  entry8a.o ABSOLUTE
    ../clib/microlib/init/entry.s            0x00000000   Number         0  entry11a.o ABSOLUTE
    ../clib/microlib/init/entry.s            0x00000000   Number         0  entry8b.o ABSOLUTE
    ../clib/microlib/init/entry.s            0x00000000   Number         0  entry11b.o ABSOLUTE
    ../clib/microlib/longlong.c              0x00000000   Number         0  llsshr.o ABSOLUTE
    ../clib/microlib/longlong.c              0x00000000   Number         0  llshl.o ABSOLUTE
    ../clib/microlib/longlong.c              0x00000000   Number         0  llushr.o ABSOLUTE
    ../clib/microlib/malloc/malloc.c         0x00000000   Number         0  malloc.o ABSOLUTE
    ../clib/microlib/malloc/malloc.c         0x00000000   Number         0  mallocr.o ABSOLUTE
    ../clib/microlib/malloc/malloc.c         0x00000000   Number         0  malloca.o ABSOLUTE
    ../clib/microlib/malloc/malloc.c         0x00000000   Number         0  mallocra.o ABSOLUTE
    ../clib/microlib/malloc/mvars.c          0x00000000   Number         0  mvars.o ABSOLUTE
    ../clib/microlib/printf/printf.c         0x00000000   Number         0  printf4.o ABSOLUTE
    ../clib/microlib/printf/printf.c         0x00000000   Number         0  printf2.o ABSOLUTE
    ../clib/microlib/printf/printf.c         0x00000000   Number         0  printf5.o ABSOLUTE
    ../clib/microlib/printf/printf.c         0x00000000   Number         0  printf6.o ABSOLUTE
    ../clib/microlib/printf/printf.c         0x00000000   Number         0  printf8.o ABSOLUTE
    ../clib/microlib/printf/printf.c         0x00000000   Number         0  printfa.o ABSOLUTE
    ../clib/microlib/printf/printf.c         0x00000000   Number         0  printf1.o ABSOLUTE
    ../clib/microlib/printf/printf.c         0x00000000   Number         0  printf0.o ABSOLUTE
    ../clib/microlib/printf/printf.c         0x00000000   Number         0  printf7.o ABSOLUTE
    ../clib/microlib/printf/printf.c         0x00000000   Number         0  printfb.o ABSOLUTE
    ../clib/microlib/printf/printf.c         0x00000000   Number         0  printf3.o ABSOLUTE
    ../clib/microlib/printf/stubs.s          0x00000000   Number         0  stubs.o ABSOLUTE
    ../clib/microlib/stdlib/rand.c           0x00000000   Number         0  rand.o ABSOLUTE
    ../clib/microlib/string/memcpy.c         0x00000000   Number         0  memcpya.o ABSOLUTE
    ../clib/microlib/string/memcpy.c         0x00000000   Number         0  memcpyb.o ABSOLUTE
    ../clib/microlib/string/memset.c         0x00000000   Number         0  memseta.o ABSOLUTE
    ../clib/microlib/string/strstr.c         0x00000000   Number         0  strstr.o ABSOLUTE
    ../clib/microlib/stubs.s                 0x00000000   Number         0  iusefp.o ABSOLUTE
    ../clib/microlib/stubs.s                 0x00000000   Number         0  useno.o ABSOLUTE
    ../clib/microlib/time/localtime.c        0x00000000   Number         0  localtime_i.o ABSOLUTE
    ../clib/microlib/time/localtime.c        0x00000000   Number         0  localtime_w.o ABSOLUTE
    ../clib/microlib/time/mktime.c           0x00000000   Number         0  mktime.o ABSOLUTE
    ../fplib/microlib/fpadd.c                0x00000000   Number         0  dadd.o ABSOLUTE
    ../fplib/microlib/fpdiv.c                0x00000000   Number         0  ddiv.o ABSOLUTE
    ../fplib/microlib/fpepilogue.c           0x00000000   Number         0  depilogue.o ABSOLUTE
    ../fplib/microlib/fpfix.c                0x00000000   Number         0  dfixul.o ABSOLUTE
    ../fplib/microlib/fpfix.c                0x00000000   Number         0  dfixi.o ABSOLUTE
    ../fplib/microlib/fpflt.c                0x00000000   Number         0  dfltui.o ABSOLUTE
    ../fplib/microlib/fpmul.c                0x00000000   Number         0  dmul.o ABSOLUTE
    ../mathlib/difftime.c                    0x00000000   Number         0  difftime.o ABSOLUTE
    ..\..\Libraries\CMSIS\core_cm3.c         0x00000000   Number         0  core_cm3.o ABSOLUTE
    ..\..\Libraries\CMSIS\startup\startup_stm32f10x_hd.s 0x00000000   Number         0  startup_stm32f10x_hd.o ABSOLUTE
    ..\..\Libraries\CMSIS\system_stm32f10x.c 0x00000000   Number         0  system_stm32f10x.o ABSOLUTE
    ..\..\Libraries\FWlib\src\misc.c         0x00000000   Number         0  misc.o ABSOLUTE
    ..\..\Libraries\FWlib\src\stm32f10x_adc.c 0x00000000   Number         0  stm32f10x_adc.o ABSOLUTE
    ..\..\Libraries\FWlib\src\stm32f10x_bkp.c 0x00000000   Number         0  stm32f10x_bkp.o ABSOLUTE
    ..\..\Libraries\FWlib\src\stm32f10x_can.c 0x00000000   Number         0  stm32f10x_can.o ABSOLUTE
    ..\..\Libraries\FWlib\src\stm32f10x_cec.c 0x00000000   Number         0  stm32f10x_cec.o ABSOLUTE
    ..\..\Libraries\FWlib\src\stm32f10x_crc.c 0x00000000   Number         0  stm32f10x_crc.o ABSOLUTE
    ..\..\Libraries\FWlib\src\stm32f10x_dac.c 0x00000000   Number         0  stm32f10x_dac.o ABSOLUTE
    ..\..\Libraries\FWlib\src\stm32f10x_dbgmcu.c 0x00000000   Number         0  stm32f10x_dbgmcu.o ABSOLUTE
    ..\..\Libraries\FWlib\src\stm32f10x_dma.c 0x00000000   Number         0  stm32f10x_dma.o ABSOLUTE
    ..\..\Libraries\FWlib\src\stm32f10x_exti.c 0x00000000   Number         0  stm32f10x_exti.o ABSOLUTE
    ..\..\Libraries\FWlib\src\stm32f10x_flash.c 0x00000000   Number         0  stm32f10x_flash.o ABSOLUTE
    ..\..\Libraries\FWlib\src\stm32f10x_fsmc.c 0x00000000   Number         0  stm32f10x_fsmc.o ABSOLUTE
    ..\..\Libraries\FWlib\src\stm32f10x_gpio.c 0x00000000   Number         0  stm32f10x_gpio.o ABSOLUTE
    ..\..\Libraries\FWlib\src\stm32f10x_i2c.c 0x00000000   Number         0  stm32f10x_i2c.o ABSOLUTE
    ..\..\Libraries\FWlib\src\stm32f10x_iwdg.c 0x00000000   Number         0  stm32f10x_iwdg.o ABSOLUTE
    ..\..\Libraries\FWlib\src\stm32f10x_pwr.c 0x00000000   Number         0  stm32f10x_pwr.o ABSOLUTE
    ..\..\Libraries\FWlib\src\stm32f10x_rcc.c 0x00000000   Number         0  stm32f10x_rcc.o ABSOLUTE
    ..\..\Libraries\FWlib\src\stm32f10x_rtc.c 0x00000000   Number         0  stm32f10x_rtc.o ABSOLUTE
    ..\..\Libraries\FWlib\src\stm32f10x_sdio.c 0x00000000   Number         0  stm32f10x_sdio.o ABSOLUTE
    ..\..\Libraries\FWlib\src\stm32f10x_spi.c 0x00000000   Number         0  stm32f10x_spi.o ABSOLUTE
    ..\..\Libraries\FWlib\src\stm32f10x_tim.c 0x00000000   Number         0  stm32f10x_tim.o ABSOLUTE
    ..\..\Libraries\FWlib\src\stm32f10x_usart.c 0x00000000   Number         0  stm32f10x_usart.o ABSOLUTE
    ..\..\Libraries\FWlib\src\stm32f10x_wwdg.c 0x00000000   Number         0  stm32f10x_wwdg.o ABSOLUTE
    ..\..\User\AES.c                         0x00000000   Number         0  aes.o ABSOLUTE
    ..\..\User\GPS.c                         0x00000000   Number         0  gps.o ABSOLUTE
    ..\..\User\KeyExti.c                     0x00000000   Number         0  keyexti.o ABSOLUTE
    ..\..\User\bsp_Timebase.c                0x00000000   Number         0  bsp_timebase.o ABSOLUTE
    ..\..\User\bsp_spi_nrf.c                 0x00000000   Number         0  bsp_spi_nrf.o ABSOLUTE
    ..\..\User\delay.c                       0x00000000   Number         0  delay.o ABSOLUTE
    ..\..\User\key.c                         0x00000000   Number         0  key.o ABSOLUTE
    ..\..\User\main.c                        0x00000000   Number         0  main.o ABSOLUTE
    ..\..\User\myiic.c                       0x00000000   Number         0  myiic.o ABSOLUTE
    ..\..\User\oled.c                        0x00000000   Number         0  oled.o ABSOLUTE
    ..\..\User\pcf8563.c                     0x00000000   Number         0  pcf8563.o ABSOLUTE
    ..\..\User\stm32f10x_it.c                0x00000000   Number         0  stm32f10x_it.o ABSOLUTE
    ..\..\User\sys.c                         0x00000000   Number         0  sys.o ABSOLUTE
    ..\..\User\usart.c                       0x00000000   Number         0  usart.o ABSOLUTE
    ..\\..\\Libraries\\CMSIS\\core_cm3.c     0x00000000   Number         0  core_cm3.o ABSOLUTE
    cdrcmple.s                               0x00000000   Number         0  cdrcmple.o ABSOLUTE
    dc.s                                     0x00000000   Number         0  dc.o ABSOLUTE
    handlers.s                               0x00000000   Number         0  handlers.o ABSOLUTE
    init.s                                   0x00000000   Number         0  init.o ABSOLUTE
    RESET                                    0x08000000   Section      304  startup_stm32f10x_hd.o(RESET)
    .ARM.Collect$$$$00000000                 0x08000130   Section        0  entry.o(.ARM.Collect$$$$00000000)
    .ARM.Collect$$$$00000001                 0x08000130   Section        4  entry2.o(.ARM.Collect$$$$00000001)
    .ARM.Collect$$$$00000004                 0x08000134   Section        4  entry5.o(.ARM.Collect$$$$00000004)
    .ARM.Collect$$$$00000008                 0x08000138   Section        0  entry7b.o(.ARM.Collect$$$$00000008)
    .ARM.Collect$$$$0000000A                 0x08000138   Section        0  entry8b.o(.ARM.Collect$$$$0000000A)
    .ARM.Collect$$$$0000000B                 0x08000138   Section        8  entry9a.o(.ARM.Collect$$$$0000000B)
    .ARM.Collect$$$$0000000D                 0x08000140   Section        0  entry10a.o(.ARM.Collect$$$$0000000D)
    .ARM.Collect$$$$0000000F                 0x08000140   Section        0  entry11a.o(.ARM.Collect$$$$0000000F)
    .ARM.Collect$$$$00002712                 0x08000140   Section        4  entry2.o(.ARM.Collect$$$$00002712)
    __lit__00000000                          0x08000140   Data           4  entry2.o(.ARM.Collect$$$$00002712)
    .text                                    0x08000144   Section       36  startup_stm32f10x_hd.o(.text)
    .text                                    0x08000168   Section        0  system_stm32f10x.o(.text)
    SetSysClockTo72                          0x08000169   Thumb Code   212  system_stm32f10x.o(.text)
    SetSysClock                              0x0800023d   Thumb Code     8  system_stm32f10x.o(.text)
    .text                                    0x08000344   Section        0  misc.o(.text)
    .text                                    0x08000420   Section        0  stm32f10x_exti.o(.text)
    .text                                    0x0800053c   Section        0  stm32f10x_gpio.o(.text)
    .text                                    0x08000894   Section        0  stm32f10x_i2c.o(.text)
    .text                                    0x08000c98   Section        0  stm32f10x_rcc.o(.text)
    .text                                    0x0800103c   Section        0  stm32f10x_spi.o(.text)
    .text                                    0x08001348   Section        0  stm32f10x_tim.o(.text)
    TI4_Config                               0x080017ef   Thumb Code   130  stm32f10x_tim.o(.text)
    TI3_Config                               0x08001883   Thumb Code   122  stm32f10x_tim.o(.text)
    TI2_Config                               0x08001917   Thumb Code   130  stm32f10x_tim.o(.text)
    TI1_Config                               0x080019ab   Thumb Code   108  stm32f10x_tim.o(.text)
    .text                                    0x08002164   Section        0  stm32f10x_usart.o(.text)
    .text                                    0x0800256c   Section        0  main.o(.text)
    .text                                    0x0800263c   Section        0  stm32f10x_it.o(.text)
    .text                                    0x0800279c   Section        0  bsp_spi_nrf.o(.text)
    .text                                    0x080033dc   Section        0  delay.o(.text)
    .text                                    0x080034ac   Section        0  keyexti.o(.text)
    NVIC_Configuration                       0x080034ad   Thumb Code    38  keyexti.o(.text)
    .text                                    0x08003520   Section        0  oled.o(.text)
    .text                                    0x080039e8   Section        0  pcf8563.o(.text)
    I2C_Mode_Config                          0x08003a17   Thumb Code    58  pcf8563.o(.text)
    .text                                    0x08003c58   Section        0  key.o(.text)
    .text                                    0x08003e70   Section        0  aes.o(.text)
    shift_rows                               0x08003e71   Thumb Code    50  aes.o(.text)
    inv_shift_rows                           0x08003ea3   Thumb Code    50  aes.o(.text)
    mul2                                     0x0800434b   Thumb Code    22  aes.o(.text)
    .text                                    0x08004364   Section        0  sys.o(.text)
    .text                                    0x0800437c   Section        0  usart.o(.text)
    .text                                    0x080045c8   Section        0  gps.o(.text)
    .text                                    0x080049b4   Section        0  bsp_timebase.o(.text)
    .text                                    0x08004a30   Section        0  rand.o(.text)
    .text                                    0x08004a54   Section        0  mktime.o(.text)
    .text                                    0x08004af4   Section        0  memcpya.o(.text)
    .text                                    0x08004b18   Section        0  memseta.o(.text)
    .text                                    0x08004b3c   Section        0  strstr.o(.text)
    .text                                    0x08004b60   Section        0  dfixi.o(.text)
    .text                                    0x08004b9e   Section        0  uidiv.o(.text)
    .text                                    0x08004bca   Section        0  uldiv.o(.text)
    .text                                    0x08004c2c   Section        0  llushr.o(.text)
    .text                                    0x08004c4c   Section        0  localtime_i.o(.text)
    .text                                    0x08004ccc   Section        0  iusefp.o(.text)
    .text                                    0x08004ccc   Section        0  dadd.o(.text)
    .text                                    0x08004e1a   Section        0  dmul.o(.text)
    .text                                    0x08004efe   Section        0  ddiv.o(.text)
    .text                                    0x08004fdc   Section        0  dfltui.o(.text)
    .text                                    0x08004ff6   Section        0  dfixul.o(.text)
    .text                                    0x08005028   Section       40  cdrcmple.o(.text)
    .text                                    0x08005050   Section       36  init.o(.text)
    .text                                    0x08005074   Section        0  llshl.o(.text)
    .text                                    0x08005092   Section        0  llsshr.o(.text)
    .text                                    0x080050b6   Section        0  depilogue.o(.text)
    .text                                    0x08005174   Section        0  __dczerorl2.o(.text)
    i.__0printf                              0x080051d0   Section        0  printfa.o(i.__0printf)
    i.__0printf$1                            0x080051f0   Section        0  printf1.o(i.__0printf$1)
    i.__scatterload_copy                     0x08005210   Section       14  handlers.o(i.__scatterload_copy)
    i.__scatterload_null                     0x0800521e   Section        2  handlers.o(i.__scatterload_null)
    i.__scatterload_zeroinit                 0x08005220   Section       14  handlers.o(i.__scatterload_zeroinit)
    i._fp_digits                             0x08005230   Section        0  printfa.o(i._fp_digits)
    _fp_digits                               0x08005231   Thumb Code   326  printfa.o(i._fp_digits)
    i._printf_core                           0x0800538c   Section        0  printf1.o(i._printf_core)
    _printf_core                             0x0800538d   Thumb Code   334  printf1.o(i._printf_core)
    i._printf_core                           0x080054e0   Section        0  printfa.o(i._printf_core)
    _printf_core                             0x080054e1   Thumb Code  1762  printfa.o(i._printf_core)
    i._printf_post_padding                   0x08005bd0   Section        0  printfa.o(i._printf_post_padding)
    _printf_post_padding                     0x08005bd1   Thumb Code    38  printfa.o(i._printf_post_padding)
    i._printf_pre_padding                    0x08005bf6   Section        0  printfa.o(i._printf_pre_padding)
    _printf_pre_padding                      0x08005bf7   Thumb Code    48  printfa.o(i._printf_pre_padding)
    i.difftime                               0x08005c26   Section        0  difftime.o(i.difftime)
    i.free                                   0x08005c48   Section        0  malloc.o(i.free)
    i.malloc                                 0x08005c98   Section        0  malloc.o(i.malloc)
    .constdata                               0x08005d04   Section       16  bsp_spi_nrf.o(.constdata)
    .constdata                               0x08005d14   Section     2072  oled.o(.constdata)
    .constdata                               0x0800652c   Section       12  mktime.o(.constdata)
    monlen                                   0x0800652c   Data          12  mktime.o(.constdata)
    .constdata                               0x08006538   Section       12  localtime_i.o(.constdata)
    monlen                                   0x08006538   Data          12  localtime_i.o(.constdata)
    .data                                    0x20000000   Section       20  system_stm32f10x.o(.data)
    .data                                    0x20000014   Section       20  stm32f10x_rcc.o(.data)
    APBAHBPrescTable                         0x20000014   Data          16  stm32f10x_rcc.o(.data)
    ADCPrescTable                            0x20000024   Data           4  stm32f10x_rcc.o(.data)
    .data                                    0x20000028   Section        1  main.o(.data)
    .data                                    0x2000002c   Section        4  stm32f10x_it.o(.data)
    .data                                    0x20000030   Section       18  bsp_spi_nrf.o(.data)
    .data                                    0x20000042   Section        4  delay.o(.data)
    fac_us                                   0x20000042   Data           1  delay.o(.data)
    fac_ms                                   0x20000044   Data           2  delay.o(.data)
    .data                                    0x20000046   Section     1216  oled.o(.data)
    .data                                    0x20000506   Section      522  aes.o(.data)
    RC                                       0x20000506   Data          10  aes.o(.data)
    SBOX                                     0x20000510   Data         256  aes.o(.data)
    INV_SBOX                                 0x20000610   Data         256  aes.o(.data)
    .data                                    0x20000710   Section       12  usart.o(.data)
    .data                                    0x2000071c   Section        4  gps.o(.data)
    .data                                    0x20000720   Section        4  rand.o(.data)
    _rand_state                              0x20000720   Data           4  rand.o(.data)
    .data                                    0x20000724   Section        4  mvars.o(.data)
    .data                                    0x20000728   Section        4  mvars.o(.data)
    .bss                                     0x2000072c   Section       16  stm32f10x_it.o(.bss)
    .bss                                     0x2000073c   Section      200  usart.o(.bss)
    .bss                                     0x20000804   Section      176  gps.o(.bss)
    HEAP                                     0x200008b8   Section      512  startup_stm32f10x_hd.o(HEAP)
    STACK                                    0x20000ab8   Section     1024  startup_stm32f10x_hd.o(STACK)

    Global Symbols

    Symbol Name                              Value     Ov Type        Size  Object(Section)

    BuildAttributes$$THM_ISAv4$P$D$K$B$S$PE$A:L22UL41UL21$X:L11$S22US41US21$IEEE1$IW$USESV6$~STKCKD$USESV7$~SHL$OTIME$ROPI$IEEEJ$EBA8$MICROLIB$REQ8$PRES8$EABIv2 0x00000000   Number         0  anon$$obj.o ABSOLUTE
    __ARM_use_no_argv                        0x00000000   Number         0  main.o ABSOLUTE
    __use_no_errno                           0x00000000   Number         0  useno.o ABSOLUTE
    __use_no_exception_handling              0x00000000   Number         0  useno.o ABSOLUTE
    __use_no_fp                              0x00000000   Number         0  useno.o ABSOLUTE
    __use_no_heap                            0x00000000   Number         0  useno.o ABSOLUTE
    __use_no_heap_region                     0x00000000   Number         0  useno.o ABSOLUTE
    __use_no_semihosting                     0x00000000   Number         0  useno.o ABSOLUTE
    __use_no_semihosting_swi                 0x00000000   Number         0  useno.o ABSOLUTE
    __use_no_signal_handling                 0x00000000   Number         0  useno.o ABSOLUTE
    _printf_a                                0x00000000   Number         0  stubs.o ABSOLUTE
    _printf_c                                0x00000000   Number         0  stubs.o ABSOLUTE
    _printf_charcount                        0x00000000   Number         0  stubs.o ABSOLUTE
    _printf_d                                0x00000000   Number         0  stubs.o ABSOLUTE
    _printf_e                                0x00000000   Number         0  stubs.o ABSOLUTE
    _printf_f                                0x00000000   Number         0  stubs.o ABSOLUTE
    _printf_flags                            0x00000000   Number         0  stubs.o ABSOLUTE
    _printf_fp_dec                           0x00000000   Number         0  stubs.o ABSOLUTE
    _printf_fp_hex                           0x00000000   Number         0  stubs.o ABSOLUTE
    _printf_g                                0x00000000   Number         0  stubs.o ABSOLUTE
    _printf_i                                0x00000000   Number         0  stubs.o ABSOLUTE
    _printf_int_dec                          0x00000000   Number         0  stubs.o ABSOLUTE
    _printf_l                                0x00000000   Number         0  stubs.o ABSOLUTE
    _printf_lc                               0x00000000   Number         0  stubs.o ABSOLUTE
    _printf_ll                               0x00000000   Number         0  stubs.o ABSOLUTE
    _printf_lld                              0x00000000   Number         0  stubs.o ABSOLUTE
    _printf_lli                              0x00000000   Number         0  stubs.o ABSOLUTE
    _printf_llo                              0x00000000   Number         0  stubs.o ABSOLUTE
    _printf_llu                              0x00000000   Number         0  stubs.o ABSOLUTE
    _printf_llx                              0x00000000   Number         0  stubs.o ABSOLUTE
    _printf_longlong_dec                     0x00000000   Number         0  stubs.o ABSOLUTE
    _printf_longlong_hex                     0x00000000   Number         0  stubs.o ABSOLUTE
    _printf_longlong_oct                     0x00000000   Number         0  stubs.o ABSOLUTE
    _printf_ls                               0x00000000   Number         0  stubs.o ABSOLUTE
    _printf_mbtowc                           0x00000000   Number         0  stubs.o ABSOLUTE
    _printf_n                                0x00000000   Number         0  stubs.o ABSOLUTE
    _printf_o                                0x00000000   Number         0  stubs.o ABSOLUTE
    _printf_p                                0x00000000   Number         0  stubs.o ABSOLUTE
    _printf_percent                          0x00000000   Number         0  stubs.o ABSOLUTE
    _printf_pre_padding                      0x00000000   Number         0  stubs.o ABSOLUTE
    _printf_return_value                     0x00000000   Number         0  stubs.o ABSOLUTE
    _printf_s                                0x00000000   Number         0  stubs.o ABSOLUTE
    _printf_sizespec                         0x00000000   Number         0  stubs.o ABSOLUTE
    _printf_str                              0x00000000   Number         0  stubs.o ABSOLUTE
    _printf_truncate_signed                  0x00000000   Number         0  stubs.o ABSOLUTE
    _printf_truncate_unsigned                0x00000000   Number         0  stubs.o ABSOLUTE
    _printf_u                                0x00000000   Number         0  stubs.o ABSOLUTE
    _printf_wc                               0x00000000   Number         0  stubs.o ABSOLUTE
    _printf_wctomb                           0x00000000   Number         0  stubs.o ABSOLUTE
    _printf_widthprec                        0x00000000   Number         0  stubs.o ABSOLUTE
    _printf_x                                0x00000000   Number         0  stubs.o ABSOLUTE
    __cpp_initialize__aeabi_                  - Undefined Weak Reference
    __cxa_finalize                            - Undefined Weak Reference
    _clock_init                               - Undefined Weak Reference
    _microlib_exit                            - Undefined Weak Reference
    __Vectors_Size                           0x00000130   Number         0  startup_stm32f10x_hd.o ABSOLUTE
    __Vectors                                0x08000000   Data           4  startup_stm32f10x_hd.o(RESET)
    __Vectors_End                            0x08000130   Data           0  startup_stm32f10x_hd.o(RESET)
    __main                                   0x08000131   Thumb Code     0  entry.o(.ARM.Collect$$$$00000000)
    _main_stk                                0x08000131   Thumb Code     0  entry2.o(.ARM.Collect$$$$00000001)
    _main_scatterload                        0x08000135   Thumb Code     0  entry5.o(.ARM.Collect$$$$00000004)
    __main_after_scatterload                 0x08000139   Thumb Code     0  entry5.o(.ARM.Collect$$$$00000004)
    _main_clock                              0x08000139   Thumb Code     0  entry7b.o(.ARM.Collect$$$$00000008)
    _main_cpp_init                           0x08000139   Thumb Code     0  entry8b.o(.ARM.Collect$$$$0000000A)
    _main_init                               0x08000139   Thumb Code     0  entry9a.o(.ARM.Collect$$$$0000000B)
    __rt_final_cpp                           0x08000141   Thumb Code     0  entry10a.o(.ARM.Collect$$$$0000000D)
    __rt_final_exit                          0x08000141   Thumb Code     0  entry11a.o(.ARM.Collect$$$$0000000F)
    Reset_Handler                            0x08000145   Thumb Code     8  startup_stm32f10x_hd.o(.text)
    ADC1_2_IRQHandler                        0x0800015f   Thumb Code     0  startup_stm32f10x_hd.o(.text)
    ADC3_IRQHandler                          0x0800015f   Thumb Code     0  startup_stm32f10x_hd.o(.text)
    CAN1_RX1_IRQHandler                      0x0800015f   Thumb Code     0  startup_stm32f10x_hd.o(.text)
    CAN1_SCE_IRQHandler                      0x0800015f   Thumb Code     0  startup_stm32f10x_hd.o(.text)
    DMA1_Channel1_IRQHandler                 0x0800015f   Thumb Code     0  startup_stm32f10x_hd.o(.text)
    DMA1_Channel2_IRQHandler                 0x0800015f   Thumb Code     0  startup_stm32f10x_hd.o(.text)
    DMA1_Channel3_IRQHandler                 0x0800015f   Thumb Code     0  startup_stm32f10x_hd.o(.text)
    DMA1_Channel4_IRQHandler                 0x0800015f   Thumb Code     0  startup_stm32f10x_hd.o(.text)
    DMA1_Channel5_IRQHandler                 0x0800015f   Thumb Code     0  startup_stm32f10x_hd.o(.text)
    DMA1_Channel6_IRQHandler                 0x0800015f   Thumb Code     0  startup_stm32f10x_hd.o(.text)
    DMA1_Channel7_IRQHandler                 0x0800015f   Thumb Code     0  startup_stm32f10x_hd.o(.text)
    DMA2_Channel1_IRQHandler                 0x0800015f   Thumb Code     0  startup_stm32f10x_hd.o(.text)
    DMA2_Channel2_IRQHandler                 0x0800015f   Thumb Code     0  startup_stm32f10x_hd.o(.text)
    DMA2_Channel3_IRQHandler                 0x0800015f   Thumb Code     0  startup_stm32f10x_hd.o(.text)
    DMA2_Channel4_5_IRQHandler               0x0800015f   Thumb Code     0  startup_stm32f10x_hd.o(.text)
    EXTI0_IRQHandler                         0x0800015f   Thumb Code     0  startup_stm32f10x_hd.o(.text)
    EXTI15_10_IRQHandler                     0x0800015f   Thumb Code     0  startup_stm32f10x_hd.o(.text)
    EXTI1_IRQHandler                         0x0800015f   Thumb Code     0  startup_stm32f10x_hd.o(.text)
    EXTI2_IRQHandler                         0x0800015f   Thumb Code     0  startup_stm32f10x_hd.o(.text)
    EXTI3_IRQHandler                         0x0800015f   Thumb Code     0  startup_stm32f10x_hd.o(.text)
    EXTI9_5_IRQHandler                       0x0800015f   Thumb Code     0  startup_stm32f10x_hd.o(.text)
    FLASH_IRQHandler                         0x0800015f   Thumb Code     0  startup_stm32f10x_hd.o(.text)
    FSMC_IRQHandler                          0x0800015f   Thumb Code     0  startup_stm32f10x_hd.o(.text)
    I2C1_ER_IRQHandler                       0x0800015f   Thumb Code     0  startup_stm32f10x_hd.o(.text)
    I2C1_EV_IRQHandler                       0x0800015f   Thumb Code     0  startup_stm32f10x_hd.o(.text)
    I2C2_ER_IRQHandler                       0x0800015f   Thumb Code     0  startup_stm32f10x_hd.o(.text)
    I2C2_EV_IRQHandler                       0x0800015f   Thumb Code     0  startup_stm32f10x_hd.o(.text)
    PVD_IRQHandler                           0x0800015f   Thumb Code     0  startup_stm32f10x_hd.o(.text)
    RCC_IRQHandler                           0x0800015f   Thumb Code     0  startup_stm32f10x_hd.o(.text)
    RTCAlarm_IRQHandler                      0x0800015f   Thumb Code     0  startup_stm32f10x_hd.o(.text)
    RTC_IRQHandler                           0x0800015f   Thumb Code     0  startup_stm32f10x_hd.o(.text)
    SDIO_IRQHandler                          0x0800015f   Thumb Code     0  startup_stm32f10x_hd.o(.text)
    SPI1_IRQHandler                          0x0800015f   Thumb Code     0  startup_stm32f10x_hd.o(.text)
    SPI2_IRQHandler                          0x0800015f   Thumb Code     0  startup_stm32f10x_hd.o(.text)
    SPI3_IRQHandler                          0x0800015f   Thumb Code     0  startup_stm32f10x_hd.o(.text)
    TAMPER_IRQHandler                        0x0800015f   Thumb Code     0  startup_stm32f10x_hd.o(.text)
    TIM1_BRK_IRQHandler                      0x0800015f   Thumb Code     0  startup_stm32f10x_hd.o(.text)
    TIM1_CC_IRQHandler                       0x0800015f   Thumb Code     0  startup_stm32f10x_hd.o(.text)
    TIM1_TRG_COM_IRQHandler                  0x0800015f   Thumb Code     0  startup_stm32f10x_hd.o(.text)
    TIM1_UP_IRQHandler                       0x0800015f   Thumb Code     0  startup_stm32f10x_hd.o(.text)
    TIM3_IRQHandler                          0x0800015f   Thumb Code     0  startup_stm32f10x_hd.o(.text)
    TIM4_IRQHandler                          0x0800015f   Thumb Code     0  startup_stm32f10x_hd.o(.text)
    TIM5_IRQHandler                          0x0800015f   Thumb Code     0  startup_stm32f10x_hd.o(.text)
    TIM6_IRQHandler                          0x0800015f   Thumb Code     0  startup_stm32f10x_hd.o(.text)
    TIM7_IRQHandler                          0x0800015f   Thumb Code     0  startup_stm32f10x_hd.o(.text)
    TIM8_BRK_IRQHandler                      0x0800015f   Thumb Code     0  startup_stm32f10x_hd.o(.text)
    TIM8_CC_IRQHandler                       0x0800015f   Thumb Code     0  startup_stm32f10x_hd.o(.text)
    TIM8_TRG_COM_IRQHandler                  0x0800015f   Thumb Code     0  startup_stm32f10x_hd.o(.text)
    TIM8_UP_IRQHandler                       0x0800015f   Thumb Code     0  startup_stm32f10x_hd.o(.text)
    UART4_IRQHandler                         0x0800015f   Thumb Code     0  startup_stm32f10x_hd.o(.text)
    UART5_IRQHandler                         0x0800015f   Thumb Code     0  startup_stm32f10x_hd.o(.text)
    USART1_IRQHandler                        0x0800015f   Thumb Code     0  startup_stm32f10x_hd.o(.text)
    USART2_IRQHandler                        0x0800015f   Thumb Code     0  startup_stm32f10x_hd.o(.text)
    USBWakeUp_IRQHandler                     0x0800015f   Thumb Code     0  startup_stm32f10x_hd.o(.text)
    USB_HP_CAN1_TX_IRQHandler                0x0800015f   Thumb Code     0  startup_stm32f10x_hd.o(.text)
    USB_LP_CAN1_RX0_IRQHandler               0x0800015f   Thumb Code     0  startup_stm32f10x_hd.o(.text)
    WWDG_IRQHandler                          0x0800015f   Thumb Code     0  startup_stm32f10x_hd.o(.text)
    SystemInit                               0x08000245   Thumb Code    78  system_stm32f10x.o(.text)
    SystemCoreClockUpdate                    0x08000293   Thumb Code   142  system_stm32f10x.o(.text)
    NVIC_PriorityGroupConfig                 0x08000345   Thumb Code    10  misc.o(.text)
    NVIC_Init                                0x0800034f   Thumb Code   102  misc.o(.text)
    NVIC_SetVectorTable                      0x080003b5   Thumb Code    14  misc.o(.text)
    NVIC_SystemLPConfig                      0x080003c3   Thumb Code    34  misc.o(.text)
    SysTick_CLKSourceConfig                  0x080003e5   Thumb Code    40  misc.o(.text)
    EXTI_DeInit                              0x08000421   Thumb Code    28  stm32f10x_exti.o(.text)
    EXTI_Init                                0x0800043d   Thumb Code   142  stm32f10x_exti.o(.text)
    EXTI_StructInit                          0x080004cb   Thumb Code    16  stm32f10x_exti.o(.text)
    EXTI_GenerateSWInterrupt                 0x080004db   Thumb Code    16  stm32f10x_exti.o(.text)
    EXTI_GetFlagStatus                       0x080004eb   Thumb Code    22  stm32f10x_exti.o(.text)
    EXTI_ClearFlag                           0x08000501   Thumb Code     8  stm32f10x_exti.o(.text)
    EXTI_GetITStatus                         0x08000509   Thumb Code    34  stm32f10x_exti.o(.text)
    EXTI_ClearITPendingBit                   0x0800052b   Thumb Code     8  stm32f10x_exti.o(.text)
    GPIO_DeInit                              0x0800053d   Thumb Code   172  stm32f10x_gpio.o(.text)
    GPIO_AFIODeInit                          0x080005e9   Thumb Code    20  stm32f10x_gpio.o(.text)
    GPIO_Init                                0x080005fd   Thumb Code   274  stm32f10x_gpio.o(.text)
    GPIO_StructInit                          0x0800070f   Thumb Code    16  stm32f10x_gpio.o(.text)
    GPIO_ReadInputDataBit                    0x0800071f   Thumb Code    18  stm32f10x_gpio.o(.text)
    GPIO_ReadInputData                       0x08000731   Thumb Code     8  stm32f10x_gpio.o(.text)
    GPIO_ReadOutputDataBit                   0x08000739   Thumb Code    18  stm32f10x_gpio.o(.text)
    GPIO_ReadOutputData                      0x0800074b   Thumb Code     8  stm32f10x_gpio.o(.text)
    GPIO_SetBits                             0x08000753   Thumb Code     4  stm32f10x_gpio.o(.text)
    GPIO_ResetBits                           0x08000757   Thumb Code     4  stm32f10x_gpio.o(.text)
    GPIO_WriteBit                            0x0800075b   Thumb Code    10  stm32f10x_gpio.o(.text)
    GPIO_Write                               0x08000765   Thumb Code     4  stm32f10x_gpio.o(.text)
    GPIO_PinLockConfig                       0x08000769   Thumb Code    18  stm32f10x_gpio.o(.text)
    GPIO_EventOutputConfig                   0x0800077b   Thumb Code    26  stm32f10x_gpio.o(.text)
    GPIO_EventOutputCmd                      0x08000795   Thumb Code     6  stm32f10x_gpio.o(.text)
    GPIO_PinRemapConfig                      0x0800079b   Thumb Code   138  stm32f10x_gpio.o(.text)
    GPIO_EXTILineConfig                      0x08000825   Thumb Code    66  stm32f10x_gpio.o(.text)
    GPIO_ETH_MediaInterfaceConfig            0x08000867   Thumb Code     6  stm32f10x_gpio.o(.text)
    I2C_DeInit                               0x08000895   Thumb Code    50  stm32f10x_i2c.o(.text)
    I2C_Init                                 0x080008c7   Thumb Code   222  stm32f10x_i2c.o(.text)
    I2C_StructInit                           0x080009a5   Thumb Code    30  stm32f10x_i2c.o(.text)
    I2C_Cmd                                  0x080009c3   Thumb Code    24  stm32f10x_i2c.o(.text)
    I2C_DMACmd                               0x080009db   Thumb Code    24  stm32f10x_i2c.o(.text)
    I2C_DMALastTransferCmd                   0x080009f3   Thumb Code    24  stm32f10x_i2c.o(.text)
    I2C_GenerateSTART                        0x08000a0b   Thumb Code    24  stm32f10x_i2c.o(.text)
    I2C_GenerateSTOP                         0x08000a23   Thumb Code    24  stm32f10x_i2c.o(.text)
    I2C_AcknowledgeConfig                    0x08000a3b   Thumb Code    24  stm32f10x_i2c.o(.text)
    I2C_OwnAddress2Config                    0x08000a53   Thumb Code    22  stm32f10x_i2c.o(.text)
    I2C_DualAddressCmd                       0x08000a69   Thumb Code    24  stm32f10x_i2c.o(.text)
    I2C_GeneralCallCmd                       0x08000a81   Thumb Code    24  stm32f10x_i2c.o(.text)
    I2C_ITConfig                             0x08000a99   Thumb Code    18  stm32f10x_i2c.o(.text)
    I2C_SendData                             0x08000aab   Thumb Code     4  stm32f10x_i2c.o(.text)
    I2C_ReceiveData                          0x08000aaf   Thumb Code     8  stm32f10x_i2c.o(.text)
    I2C_Send7bitAddress                      0x08000ab7   Thumb Code    18  stm32f10x_i2c.o(.text)
    I2C_ReadRegister                         0x08000ac9   Thumb Code    22  stm32f10x_i2c.o(.text)
    I2C_SoftwareResetCmd                     0x08000adf   Thumb Code    22  stm32f10x_i2c.o(.text)
    I2C_NACKPositionConfig                   0x08000af5   Thumb Code    28  stm32f10x_i2c.o(.text)
    I2C_SMBusAlertConfig                     0x08000b11   Thumb Code    28  stm32f10x_i2c.o(.text)
    I2C_TransmitPEC                          0x08000b2d   Thumb Code    24  stm32f10x_i2c.o(.text)
    I2C_PECPositionConfig                    0x08000b45   Thumb Code    28  stm32f10x_i2c.o(.text)
    I2C_CalculatePEC                         0x08000b61   Thumb Code    24  stm32f10x_i2c.o(.text)
    I2C_GetPEC                               0x08000b79   Thumb Code     8  stm32f10x_i2c.o(.text)
    I2C_ARPCmd                               0x08000b81   Thumb Code    24  stm32f10x_i2c.o(.text)
    I2C_StretchClockCmd                      0x08000b99   Thumb Code    24  stm32f10x_i2c.o(.text)
    I2C_FastModeDutyCycleConfig              0x08000bb1   Thumb Code    28  stm32f10x_i2c.o(.text)
    I2C_CheckEvent                           0x08000bcd   Thumb Code    42  stm32f10x_i2c.o(.text)
    I2C_GetLastEvent                         0x08000bf7   Thumb Code    26  stm32f10x_i2c.o(.text)
    I2C_GetFlagStatus                        0x08000c11   Thumb Code    58  stm32f10x_i2c.o(.text)
    I2C_ClearFlag                            0x08000c4b   Thumb Code    12  stm32f10x_i2c.o(.text)
    I2C_GetITStatus                          0x08000c57   Thumb Code    54  stm32f10x_i2c.o(.text)
    I2C_ClearITPendingBit                    0x08000c8d   Thumb Code    12  stm32f10x_i2c.o(.text)
    RCC_DeInit                               0x08000c99   Thumb Code    64  stm32f10x_rcc.o(.text)
    RCC_HSEConfig                            0x08000cd9   Thumb Code    70  stm32f10x_rcc.o(.text)
    RCC_GetFlagStatus                        0x08000d1f   Thumb Code    56  stm32f10x_rcc.o(.text)
    RCC_WaitForHSEStartUp                    0x08000d57   Thumb Code    56  stm32f10x_rcc.o(.text)
    RCC_AdjustHSICalibrationValue            0x08000d8f   Thumb Code    20  stm32f10x_rcc.o(.text)
    RCC_HSICmd                               0x08000da3   Thumb Code     6  stm32f10x_rcc.o(.text)
    RCC_PLLConfig                            0x08000da9   Thumb Code    24  stm32f10x_rcc.o(.text)
    RCC_PLLCmd                               0x08000dc1   Thumb Code     6  stm32f10x_rcc.o(.text)
    RCC_SYSCLKConfig                         0x08000dc7   Thumb Code    18  stm32f10x_rcc.o(.text)
    RCC_GetSYSCLKSource                      0x08000dd9   Thumb Code    10  stm32f10x_rcc.o(.text)
    RCC_HCLKConfig                           0x08000de3   Thumb Code    18  stm32f10x_rcc.o(.text)
    RCC_PCLK1Config                          0x08000df5   Thumb Code    18  stm32f10x_rcc.o(.text)
    RCC_PCLK2Config                          0x08000e07   Thumb Code    20  stm32f10x_rcc.o(.text)
    RCC_ITConfig                             0x08000e1b   Thumb Code    26  stm32f10x_rcc.o(.text)
    RCC_USBCLKConfig                         0x08000e35   Thumb Code     6  stm32f10x_rcc.o(.text)
    RCC_ADCCLKConfig                         0x08000e3b   Thumb Code    18  stm32f10x_rcc.o(.text)
    RCC_LSEConfig                            0x08000e4d   Thumb Code    44  stm32f10x_rcc.o(.text)
    RCC_LSICmd                               0x08000e79   Thumb Code     6  stm32f10x_rcc.o(.text)
    RCC_RTCCLKConfig                         0x08000e7f   Thumb Code    12  stm32f10x_rcc.o(.text)
    RCC_RTCCLKCmd                            0x08000e8b   Thumb Code     8  stm32f10x_rcc.o(.text)
    RCC_GetClocksFreq                        0x08000e93   Thumb Code   192  stm32f10x_rcc.o(.text)
    RCC_AHBPeriphClockCmd                    0x08000f53   Thumb Code    26  stm32f10x_rcc.o(.text)
    RCC_APB2PeriphClockCmd                   0x08000f6d   Thumb Code    26  stm32f10x_rcc.o(.text)
    RCC_APB1PeriphClockCmd                   0x08000f87   Thumb Code    26  stm32f10x_rcc.o(.text)
    RCC_APB2PeriphResetCmd                   0x08000fa1   Thumb Code    26  stm32f10x_rcc.o(.text)
    RCC_APB1PeriphResetCmd                   0x08000fbb   Thumb Code    26  stm32f10x_rcc.o(.text)
    RCC_BackupResetCmd                       0x08000fd5   Thumb Code     8  stm32f10x_rcc.o(.text)
    RCC_ClockSecuritySystemCmd               0x08000fdd   Thumb Code     6  stm32f10x_rcc.o(.text)
    RCC_MCOConfig                            0x08000fe3   Thumb Code     6  stm32f10x_rcc.o(.text)
    RCC_ClearFlag                            0x08000fe9   Thumb Code    14  stm32f10x_rcc.o(.text)
    RCC_GetITStatus                          0x08000ff7   Thumb Code    20  stm32f10x_rcc.o(.text)
    RCC_ClearITPendingBit                    0x0800100b   Thumb Code     6  stm32f10x_rcc.o(.text)
    SPI_I2S_DeInit                           0x0800103d   Thumb Code    76  stm32f10x_spi.o(.text)
    SPI_Init                                 0x08001089   Thumb Code    60  stm32f10x_spi.o(.text)
    I2S_Init                                 0x080010c5   Thumb Code   226  stm32f10x_spi.o(.text)
    SPI_StructInit                           0x080011a7   Thumb Code    24  stm32f10x_spi.o(.text)
    I2S_StructInit                           0x080011bf   Thumb Code    20  stm32f10x_spi.o(.text)
    SPI_Cmd                                  0x080011d3   Thumb Code    24  stm32f10x_spi.o(.text)
    I2S_Cmd                                  0x080011eb   Thumb Code    24  stm32f10x_spi.o(.text)
    SPI_I2S_ITConfig                         0x08001203   Thumb Code    32  stm32f10x_spi.o(.text)
    SPI_I2S_DMACmd                           0x08001223   Thumb Code    18  stm32f10x_spi.o(.text)
    SPI_I2S_SendData                         0x08001235   Thumb Code     4  stm32f10x_spi.o(.text)
    SPI_I2S_ReceiveData                      0x08001239   Thumb Code     6  stm32f10x_spi.o(.text)
    SPI_NSSInternalSoftwareConfig            0x0800123f   Thumb Code    30  stm32f10x_spi.o(.text)
    SPI_SSOutputCmd                          0x0800125d   Thumb Code    24  stm32f10x_spi.o(.text)
    SPI_DataSizeConfig                       0x08001275   Thumb Code    18  stm32f10x_spi.o(.text)
    SPI_TransmitCRC                          0x08001287   Thumb Code    10  stm32f10x_spi.o(.text)
    SPI_CalculateCRC                         0x08001291   Thumb Code    24  stm32f10x_spi.o(.text)
    SPI_GetCRC                               0x080012a9   Thumb Code    16  stm32f10x_spi.o(.text)
    SPI_GetCRCPolynomial                     0x080012b9   Thumb Code     6  stm32f10x_spi.o(.text)
    SPI_BiDirectionalLineConfig              0x080012bf   Thumb Code    28  stm32f10x_spi.o(.text)
    SPI_I2S_GetFlagStatus                    0x080012db   Thumb Code    18  stm32f10x_spi.o(.text)
    SPI_I2S_ClearFlag                        0x080012ed   Thumb Code     6  stm32f10x_spi.o(.text)
    SPI_I2S_GetITStatus                      0x080012f3   Thumb Code    52  stm32f10x_spi.o(.text)
    SPI_I2S_ClearITPendingBit                0x08001327   Thumb Code    20  stm32f10x_spi.o(.text)
    TIM_DeInit                               0x08001349   Thumb Code   424  stm32f10x_tim.o(.text)
    TIM_TimeBaseInit                         0x080014f1   Thumb Code   122  stm32f10x_tim.o(.text)
    TIM_OC1Init                              0x0800156b   Thumb Code   132  stm32f10x_tim.o(.text)
    TIM_OC2Init                              0x080015ef   Thumb Code   154  stm32f10x_tim.o(.text)
    TIM_OC3Init                              0x08001689   Thumb Code   150  stm32f10x_tim.o(.text)
    TIM_OC4Init                              0x0800171f   Thumb Code   182  stm32f10x_tim.o(.text)
    TIM_SetIC4Prescaler                      0x080017d5   Thumb Code    26  stm32f10x_tim.o(.text)
    TIM_SetIC3Prescaler                      0x08001871   Thumb Code    18  stm32f10x_tim.o(.text)
    TIM_SetIC2Prescaler                      0x080018fd   Thumb Code    26  stm32f10x_tim.o(.text)
    TIM_SetIC1Prescaler                      0x08001999   Thumb Code    18  stm32f10x_tim.o(.text)
    TIM_ICInit                               0x08001a17   Thumb Code   150  stm32f10x_tim.o(.text)
    TIM_PWMIConfig                           0x08001aad   Thumb Code   124  stm32f10x_tim.o(.text)
    TIM_BDTRConfig                           0x08001b29   Thumb Code    32  stm32f10x_tim.o(.text)
    TIM_TimeBaseStructInit                   0x08001b49   Thumb Code    18  stm32f10x_tim.o(.text)
    TIM_OCStructInit                         0x08001b5b   Thumb Code    20  stm32f10x_tim.o(.text)
    TIM_ICStructInit                         0x08001b6f   Thumb Code    18  stm32f10x_tim.o(.text)
    TIM_BDTRStructInit                       0x08001b81   Thumb Code    40  stm32f10x_tim.o(.text)
    TIM_Cmd                                  0x08001ba9   Thumb Code    24  stm32f10x_tim.o(.text)
    TIM_CtrlPWMOutputs                       0x08001bc1   Thumb Code    30  stm32f10x_tim.o(.text)
    TIM_ITConfig                             0x08001bdf   Thumb Code    18  stm32f10x_tim.o(.text)
    TIM_GenerateEvent                        0x08001bf1   Thumb Code     4  stm32f10x_tim.o(.text)
    TIM_DMAConfig                            0x08001bf5   Thumb Code    10  stm32f10x_tim.o(.text)
    TIM_DMACmd                               0x08001bff   Thumb Code    18  stm32f10x_tim.o(.text)
    TIM_InternalClockConfig                  0x08001c11   Thumb Code    12  stm32f10x_tim.o(.text)
    TIM_SelectInputTrigger                   0x08001c1d   Thumb Code    18  stm32f10x_tim.o(.text)
    TIM_ITRxExternalClockConfig              0x08001c2f   Thumb Code    24  stm32f10x_tim.o(.text)
    TIM_TIxExternalClockConfig               0x08001c47   Thumb Code    62  stm32f10x_tim.o(.text)
    TIM_ETRConfig                            0x08001c85   Thumb Code    28  stm32f10x_tim.o(.text)
    TIM_ETRClockMode1Config                  0x08001ca1   Thumb Code    54  stm32f10x_tim.o(.text)
    TIM_ETRClockMode2Config                  0x08001cd7   Thumb Code    32  stm32f10x_tim.o(.text)
    TIM_PrescalerConfig                      0x08001cf7   Thumb Code     6  stm32f10x_tim.o(.text)
    TIM_CounterModeConfig                    0x08001cfd   Thumb Code    18  stm32f10x_tim.o(.text)
    TIM_EncoderInterfaceConfig               0x08001d0f   Thumb Code    66  stm32f10x_tim.o(.text)
    TIM_ForcedOC1Config                      0x08001d51   Thumb Code    18  stm32f10x_tim.o(.text)
    TIM_ForcedOC2Config                      0x08001d63   Thumb Code    26  stm32f10x_tim.o(.text)
    TIM_ForcedOC3Config                      0x08001d7d   Thumb Code    18  stm32f10x_tim.o(.text)
    TIM_ForcedOC4Config                      0x08001d8f   Thumb Code    26  stm32f10x_tim.o(.text)
    TIM_ARRPreloadConfig                     0x08001da9   Thumb Code    24  stm32f10x_tim.o(.text)
    TIM_SelectCOM                            0x08001dc1   Thumb Code    24  stm32f10x_tim.o(.text)
    TIM_SelectCCDMA                          0x08001dd9   Thumb Code    24  stm32f10x_tim.o(.text)
    TIM_CCPreloadControl                     0x08001df1   Thumb Code    24  stm32f10x_tim.o(.text)
    TIM_OC1PreloadConfig                     0x08001e09   Thumb Code    18  stm32f10x_tim.o(.text)
    TIM_OC2PreloadConfig                     0x08001e1b   Thumb Code    26  stm32f10x_tim.o(.text)
    TIM_OC3PreloadConfig                     0x08001e35   Thumb Code    18  stm32f10x_tim.o(.text)
    TIM_OC4PreloadConfig                     0x08001e47   Thumb Code    26  stm32f10x_tim.o(.text)
    TIM_OC1FastConfig                        0x08001e61   Thumb Code    18  stm32f10x_tim.o(.text)
    TIM_OC2FastConfig                        0x08001e73   Thumb Code    26  stm32f10x_tim.o(.text)
    TIM_OC3FastConfig                        0x08001e8d   Thumb Code    18  stm32f10x_tim.o(.text)
    TIM_OC4FastConfig                        0x08001e9f   Thumb Code    26  stm32f10x_tim.o(.text)
    TIM_ClearOC1Ref                          0x08001eb9   Thumb Code    18  stm32f10x_tim.o(.text)
    TIM_ClearOC2Ref                          0x08001ecb   Thumb Code    24  stm32f10x_tim.o(.text)
    TIM_ClearOC3Ref                          0x08001ee3   Thumb Code    18  stm32f10x_tim.o(.text)
    TIM_ClearOC4Ref                          0x08001ef5   Thumb Code    24  stm32f10x_tim.o(.text)
    TIM_OC1PolarityConfig                    0x08001f0d   Thumb Code    18  stm32f10x_tim.o(.text)
    TIM_OC1NPolarityConfig                   0x08001f1f   Thumb Code    18  stm32f10x_tim.o(.text)
    TIM_OC2PolarityConfig                    0x08001f31   Thumb Code    26  stm32f10x_tim.o(.text)
    TIM_OC2NPolarityConfig                   0x08001f4b   Thumb Code    26  stm32f10x_tim.o(.text)
    TIM_OC3PolarityConfig                    0x08001f65   Thumb Code    26  stm32f10x_tim.o(.text)
    TIM_OC3NPolarityConfig                   0x08001f7f   Thumb Code    26  stm32f10x_tim.o(.text)
    TIM_OC4PolarityConfig                    0x08001f99   Thumb Code    26  stm32f10x_tim.o(.text)
    TIM_CCxCmd                               0x08001fb3   Thumb Code    30  stm32f10x_tim.o(.text)
    TIM_CCxNCmd                              0x08001fd1   Thumb Code    30  stm32f10x_tim.o(.text)
    TIM_SelectOCxM                           0x08001fef   Thumb Code    82  stm32f10x_tim.o(.text)
    TIM_UpdateDisableConfig                  0x08002041   Thumb Code    24  stm32f10x_tim.o(.text)
    TIM_UpdateRequestConfig                  0x08002059   Thumb Code    24  stm32f10x_tim.o(.text)
    TIM_SelectHallSensor                     0x08002071   Thumb Code    24  stm32f10x_tim.o(.text)
    TIM_SelectOnePulseMode                   0x08002089   Thumb Code    18  stm32f10x_tim.o(.text)
    TIM_SelectOutputTrigger                  0x0800209b   Thumb Code    18  stm32f10x_tim.o(.text)
    TIM_SelectSlaveMode                      0x080020ad   Thumb Code    18  stm32f10x_tim.o(.text)
    TIM_SelectMasterSlaveMode                0x080020bf   Thumb Code    18  stm32f10x_tim.o(.text)
    TIM_SetCounter                           0x080020d1   Thumb Code     4  stm32f10x_tim.o(.text)
    TIM_SetAutoreload                        0x080020d5   Thumb Code     4  stm32f10x_tim.o(.text)
    TIM_SetCompare1                          0x080020d9   Thumb Code     4  stm32f10x_tim.o(.text)
    TIM_SetCompare2                          0x080020dd   Thumb Code     4  stm32f10x_tim.o(.text)
    TIM_SetCompare3                          0x080020e1   Thumb Code     4  stm32f10x_tim.o(.text)
    TIM_SetCompare4                          0x080020e5   Thumb Code     6  stm32f10x_tim.o(.text)
    TIM_SetClockDivision                     0x080020eb   Thumb Code    18  stm32f10x_tim.o(.text)
    TIM_GetCapture1                          0x080020fd   Thumb Code     6  stm32f10x_tim.o(.text)
    TIM_GetCapture2                          0x08002103   Thumb Code     6  stm32f10x_tim.o(.text)
    TIM_GetCapture3                          0x08002109   Thumb Code     6  stm32f10x_tim.o(.text)
    TIM_GetCapture4                          0x0800210f   Thumb Code     8  stm32f10x_tim.o(.text)
    TIM_GetCounter                           0x08002117   Thumb Code     6  stm32f10x_tim.o(.text)
    TIM_GetPrescaler                         0x0800211d   Thumb Code     6  stm32f10x_tim.o(.text)
    TIM_GetFlagStatus                        0x08002123   Thumb Code    18  stm32f10x_tim.o(.text)
    TIM_ClearFlag                            0x08002135   Thumb Code     6  stm32f10x_tim.o(.text)
    TIM_GetITStatus                          0x0800213b   Thumb Code    34  stm32f10x_tim.o(.text)
    TIM_ClearITPendingBit                    0x0800215d   Thumb Code     6  stm32f10x_tim.o(.text)
    USART_DeInit                             0x08002165   Thumb Code   134  stm32f10x_usart.o(.text)
    USART_Init                               0x080021eb   Thumb Code   210  stm32f10x_usart.o(.text)
    USART_StructInit                         0x080022bd   Thumb Code    24  stm32f10x_usart.o(.text)
    USART_ClockInit                          0x080022d5   Thumb Code    34  stm32f10x_usart.o(.text)
    USART_ClockStructInit                    0x080022f7   Thumb Code    12  stm32f10x_usart.o(.text)
    USART_Cmd                                0x08002303   Thumb Code    24  stm32f10x_usart.o(.text)
    USART_ITConfig                           0x0800231b   Thumb Code    74  stm32f10x_usart.o(.text)
    USART_DMACmd                             0x08002365   Thumb Code    18  stm32f10x_usart.o(.text)
    USART_SetAddress                         0x08002377   Thumb Code    18  stm32f10x_usart.o(.text)
    USART_WakeUpConfig                       0x08002389   Thumb Code    18  stm32f10x_usart.o(.text)
    USART_ReceiverWakeUpCmd                  0x0800239b   Thumb Code    24  stm32f10x_usart.o(.text)
    USART_LINBreakDetectLengthConfig         0x080023b3   Thumb Code    18  stm32f10x_usart.o(.text)
    USART_LINCmd                             0x080023c5   Thumb Code    24  stm32f10x_usart.o(.text)
    USART_SendData                           0x080023dd   Thumb Code     8  stm32f10x_usart.o(.text)
    USART_ReceiveData                        0x080023e5   Thumb Code    10  stm32f10x_usart.o(.text)
    USART_SendBreak                          0x080023ef   Thumb Code    10  stm32f10x_usart.o(.text)
    USART_SetGuardTime                       0x080023f9   Thumb Code    16  stm32f10x_usart.o(.text)
    USART_SetPrescaler                       0x08002409   Thumb Code    16  stm32f10x_usart.o(.text)
    USART_SmartCardCmd                       0x08002419   Thumb Code    24  stm32f10x_usart.o(.text)
    USART_SmartCardNACKCmd                   0x08002431   Thumb Code    24  stm32f10x_usart.o(.text)
    USART_HalfDuplexCmd                      0x08002449   Thumb Code    24  stm32f10x_usart.o(.text)
    USART_OverSampling8Cmd                   0x08002461   Thumb Code    22  stm32f10x_usart.o(.text)
    USART_OneBitMethodCmd                    0x08002477   Thumb Code    24  stm32f10x_usart.o(.text)
    USART_IrDAConfig                         0x0800248f   Thumb Code    18  stm32f10x_usart.o(.text)
    USART_IrDACmd                            0x080024a1   Thumb Code    24  stm32f10x_usart.o(.text)
    USART_GetFlagStatus                      0x080024b9   Thumb Code    26  stm32f10x_usart.o(.text)
    USART_ClearFlag                          0x080024d3   Thumb Code    18  stm32f10x_usart.o(.text)
    USART_GetITStatus                        0x080024e5   Thumb Code    84  stm32f10x_usart.o(.text)
    USART_ClearITPendingBit                  0x08002539   Thumb Code    52  stm32f10x_usart.o(.text)
    main                                     0x0800256d   Thumb Code   112  main.o(.text)
    NMI_Handler                              0x0800263d   Thumb Code     2  stm32f10x_it.o(.text)
    HardFault_Handler                        0x0800263f   Thumb Code    16  stm32f10x_it.o(.text)
    MemManage_Handler                        0x0800264f   Thumb Code     4  stm32f10x_it.o(.text)
    BusFault_Handler                         0x08002653   Thumb Code     4  stm32f10x_it.o(.text)
    UsageFault_Handler                       0x08002657   Thumb Code     4  stm32f10x_it.o(.text)
    SVC_Handler                              0x0800265b   Thumb Code     2  stm32f10x_it.o(.text)
    DebugMon_Handler                         0x0800265d   Thumb Code     2  stm32f10x_it.o(.text)
    PendSV_Handler                           0x0800265f   Thumb Code     2  stm32f10x_it.o(.text)
    SysTick_Handler                          0x08002661   Thumb Code     2  stm32f10x_it.o(.text)
    EXTI4_IRQHandler                         0x08002663   Thumb Code    38  stm32f10x_it.o(.text)
    TIM2_IRQHandler                          0x08002689   Thumb Code   250  stm32f10x_it.o(.text)
    Delay                                    0x0800279d   Thumb Code    18  bsp_spi_nrf.o(.text)
    SPI_NRF_Init                             0x080027af   Thumb Code   186  bsp_spi_nrf.o(.text)
    SPI_NRF_RW                               0x08002869   Thumb Code    50  bsp_spi_nrf.o(.text)
    SPI_NRF_WriteReg                         0x0800289b   Thumb Code    48  bsp_spi_nrf.o(.text)
    SPI_NRF_ReadReg                          0x080028cb   Thumb Code    46  bsp_spi_nrf.o(.text)
    SPI_NRF_ReadBuf                          0x080028f9   Thumb Code    68  bsp_spi_nrf.o(.text)
    SPI_NRF_WriteBuf                         0x0800293d   Thumb Code    68  bsp_spi_nrf.o(.text)
    NRF_RX_Mode                              0x08002981   Thumb Code    78  bsp_spi_nrf.o(.text)
    NRF_TX_Mode                              0x080029cf   Thumb Code    96  bsp_spi_nrf.o(.text)
    NRF_Check                                0x08002a2f   Thumb Code    68  bsp_spi_nrf.o(.text)
    NRF_Tx_Dat                               0x08002a73   Thumb Code    94  bsp_spi_nrf.o(.text)
    NRF_Rx_Dat                               0x08002ad1   Thumb Code    84  bsp_spi_nrf.o(.text)
    shakehand                                0x08002b25   Thumb Code  2150  bsp_spi_nrf.o(.text)
    delay_init                               0x080033dd   Thumb Code    50  delay.o(.text)
    delay_us                                 0x0800340f   Thumb Code    70  delay.o(.text)
    delay_ms                                 0x08003455   Thumb Code    70  delay.o(.text)
    KeyExti_Config                           0x080034d3   Thumb Code    72  keyexti.o(.text)
    OLED_WR_Byte                             0x08003521   Thumb Code   108  oled.o(.text)
    OLED_Set_Pos                             0x0800358d   Thumb Code    46  oled.o(.text)
    OLED_Display_On                          0x080035bb   Thumb Code    28  oled.o(.text)
    OLED_Display_Off                         0x080035d7   Thumb Code    28  oled.o(.text)
    OLED_Clear                               0x080035f3   Thumb Code    64  oled.o(.text)
    OLED_ShowChar                            0x08003633   Thumb Code   106  oled.o(.text)
    oled_pow                                 0x0800369d   Thumb Code    22  oled.o(.text)
    OLED_ShowNum                             0x080036b3   Thumb Code   132  oled.o(.text)
    OLED_ShowString                          0x08003737   Thumb Code    54  oled.o(.text)
    OLED_ShowCHinese                         0x0800376d   Thumb Code    98  oled.o(.text)
    OLED_DrawBMP                             0x080037cf   Thumb Code   118  oled.o(.text)
    OLED_Init                                0x08003845   Thumb Code   418  oled.o(.text)
    PCF8563_Init                             0x080039e9   Thumb Code    46  pcf8563.o(.text)
    PCF8563_Write                            0x08003a51   Thumb Code   110  pcf8563.o(.text)
    PCF8563_Read                             0x08003abf   Thumb Code   166  pcf8563.o(.text)
    PCF_SetTime                              0x08003b65   Thumb Code   104  pcf8563.o(.text)
    PCF8563_GetTime                          0x08003bcd   Thumb Code   120  pcf8563.o(.text)
    Key2_GPIO_Config                         0x08003c59   Thumb Code    40  key.o(.text)
    Key2_Scan                                0x08003c81   Thumb Code    44  key.o(.text)
    Key3_Scan                                0x08003cad   Thumb Code    44  key.o(.text)
    keyarry_GPIO_init                        0x08003cd9   Thumb Code    88  key.o(.text)
    keydown                                  0x08003d31   Thumb Code    42  key.o(.text)
    keyarray_Read                            0x08003d5b   Thumb Code   236  key.o(.text)
    keyarray_Scan                            0x08003e47   Thumb Code    38  key.o(.text)
    aes_key_schedule_128                     0x08003ed5   Thumb Code   362  aes.o(.text)
    aes_encrypt_128                          0x0800403f   Thumb Code   326  aes.o(.text)
    aes_decrypt_128                          0x08004185   Thumb Code   454  aes.o(.text)
    NVIC_Configuration_key                   0x08004365   Thumb Code    12  sys.o(.text)
    NVIC_Configuration_gps                   0x08004371   Thumb Code    12  sys.o(.text)
    _sys_exit                                0x0800437d   Thumb Code     6  usart.o(.text)
    fputc                                    0x08004383   Thumb Code    22  usart.o(.text)
    CLR_Buf                                  0x08004399   Thumb Code    18  usart.o(.text)
    uart_init                                0x080043ab   Thumb Code   296  usart.o(.text)
    USART3_IRQHandler                        0x080044d3   Thumb Code   116  usart.o(.text)
    Hand                                     0x08004547   Thumb Code    22  usart.o(.text)
    clrStruct                                0x0800455d   Thumb Code    80  usart.o(.text)
    errorLog                                 0x080045c9   Thumb Code    14  gps.o(.text)
    parseGpsBuffer                           0x080045d7   Thumb Code   502  gps.o(.text)
    printGpsBuffer                           0x080047cd   Thumb Code   314  gps.o(.text)
    TIM2_NVIC_Configuration                  0x080049b5   Thumb Code    40  bsp_timebase.o(.text)
    TIM2_Configuration                       0x080049dd   Thumb Code    82  bsp_timebase.o(.text)
    rand                                     0x08004a31   Thumb Code    20  rand.o(.text)
    srand                                    0x08004a45   Thumb Code     6  rand.o(.text)
    mktime                                   0x08004a55   Thumb Code   142  mktime.o(.text)
    __aeabi_memcpy                           0x08004af5   Thumb Code    36  memcpya.o(.text)
    __aeabi_memcpy4                          0x08004af5   Thumb Code     0  memcpya.o(.text)
    __aeabi_memcpy8                          0x08004af5   Thumb Code     0  memcpya.o(.text)
    __aeabi_memset                           0x08004b19   Thumb Code    14  memseta.o(.text)
    __aeabi_memset4                          0x08004b19   Thumb Code     0  memseta.o(.text)
    __aeabi_memset8                          0x08004b19   Thumb Code     0  memseta.o(.text)
    __aeabi_memclr                           0x08004b27   Thumb Code     4  memseta.o(.text)
    __aeabi_memclr4                          0x08004b27   Thumb Code     0  memseta.o(.text)
    __aeabi_memclr8                          0x08004b27   Thumb Code     0  memseta.o(.text)
    _memset$wrapper                          0x08004b2b   Thumb Code    18  memseta.o(.text)
    strstr                                   0x08004b3d   Thumb Code    36  strstr.o(.text)
    __aeabi_d2iz                             0x08004b61   Thumb Code    62  dfixi.o(.text)
    __aeabi_uidiv                            0x08004b9f   Thumb Code     0  uidiv.o(.text)
    __aeabi_uidivmod                         0x08004b9f   Thumb Code    44  uidiv.o(.text)
    __aeabi_uldivmod                         0x08004bcb   Thumb Code    98  uldiv.o(.text)
    __aeabi_llsr                             0x08004c2d   Thumb Code    32  llushr.o(.text)
    _ll_ushift_r                             0x08004c2d   Thumb Code     0  llushr.o(.text)
    _localtime                               0x08004c4d   Thumb Code   122  localtime_i.o(.text)
    __I$use$fp                               0x08004ccd   Thumb Code     0  iusefp.o(.text)
    __aeabi_dadd                             0x08004ccd   Thumb Code   322  dadd.o(.text)
    __aeabi_dsub                             0x08004e0f   Thumb Code     6  dadd.o(.text)
    __aeabi_drsub                            0x08004e15   Thumb Code     6  dadd.o(.text)
    __aeabi_dmul                             0x08004e1b   Thumb Code   228  dmul.o(.text)
    __aeabi_ddiv                             0x08004eff   Thumb Code   222  ddiv.o(.text)
    __aeabi_ui2d                             0x08004fdd   Thumb Code    26  dfltui.o(.text)
    __aeabi_d2ulz                            0x08004ff7   Thumb Code    48  dfixul.o(.text)
    __aeabi_cdrcmple                         0x08005029   Thumb Code    38  cdrcmple.o(.text)
    __scatterload                            0x08005051   Thumb Code    28  init.o(.text)
    __scatterload_rt2                        0x08005051   Thumb Code     0  init.o(.text)
    __aeabi_llsl                             0x08005075   Thumb Code    30  llshl.o(.text)
    _ll_shift_l                              0x08005075   Thumb Code     0  llshl.o(.text)
    __aeabi_lasr                             0x08005093   Thumb Code    36  llsshr.o(.text)
    _ll_sshift_r                             0x08005093   Thumb Code     0  llsshr.o(.text)
    _double_round                            0x080050b7   Thumb Code    26  depilogue.o(.text)
    _double_epilogue                         0x080050d1   Thumb Code   164  depilogue.o(.text)
    __decompress                             0x08005175   Thumb Code     0  __dczerorl2.o(.text)
    __decompress1                            0x08005175   Thumb Code    92  __dczerorl2.o(.text)
    __0printf                                0x080051d1   Thumb Code    22  printfa.o(i.__0printf)
    __1printf                                0x080051d1   Thumb Code     0  printfa.o(i.__0printf)
    __2printf$full                           0x080051d1   Thumb Code     0  printfa.o(i.__0printf)
    __c89printf                              0x080051d1   Thumb Code     0  printfa.o(i.__0printf)
    printf                                   0x080051d1   Thumb Code     0  printfa.o(i.__0printf)
    __0printf$1                              0x080051f1   Thumb Code    22  printf1.o(i.__0printf$1)
    __1printf$1                              0x080051f1   Thumb Code     0  printf1.o(i.__0printf$1)
    __2printf                                0x080051f1   Thumb Code     0  printf1.o(i.__0printf$1)
    __scatterload_copy                       0x08005211   Thumb Code    14  handlers.o(i.__scatterload_copy)
    __scatterload_null                       0x0800521f   Thumb Code     2  handlers.o(i.__scatterload_null)
    __scatterload_zeroinit                   0x08005221   Thumb Code    14  handlers.o(i.__scatterload_zeroinit)
    difftime                                 0x08005c27   Thumb Code    32  difftime.o(i.difftime)
    free                                     0x08005c49   Thumb Code    76  malloc.o(i.free)
    malloc                                   0x08005c99   Thumb Code    92  malloc.o(i.malloc)
    F6x8                                     0x08005d14   Data         552  oled.o(.constdata)
    F8X16                                    0x08005f3c   Data        1520  oled.o(.constdata)
    Region$$Table$$Base                      0x08006544   Number         0  anon$$obj.o(Region$$Table)
    Region$$Table$$Limit                     0x08006564   Number         0  anon$$obj.o(Region$$Table)
    SystemCoreClock                          0x20000000   Data           4  system_stm32f10x.o(.data)
    AHBPrescTable                            0x20000004   Data          16  system_stm32f10x.o(.data)
    status1                                  0x20000028   Data           1  main.o(.data)
    timer                                    0x2000002c   Data           4  stm32f10x_it.o(.data)
    TX_ADDRESS                               0x20000030   Data           5  bsp_spi_nrf.o(.data)
    RX_ADDRESS                               0x20000035   Data           5  bsp_spi_nrf.o(.data)
    RX_BUF                                   0x2000003a   Data           4  bsp_spi_nrf.o(.data)
    TX_BUF                                   0x2000003e   Data           4  bsp_spi_nrf.o(.data)
    Hzk                                      0x20000046   Data        1216  oled.o(.data)
    point1                                   0x20000710   Data           2  usart.o(.data)
    USART_RX_STA                             0x20000712   Data           2  usart.o(.data)
    rxdatabufer                              0x20000714   Data           1  usart.o(.data)
    __stdout                                 0x20000718   Data           4  usart.o(.data)
    now_GPS                                  0x2000071c   Data           4  gps.o(.data)
    __microlib_freelist                      0x20000724   Data           4  mvars.o(.data)
    __microlib_freelist_initialised          0x20000728   Data           4  mvars.o(.data)
    key                                      0x2000072c   Data          16  stm32f10x_it.o(.bss)
    USART_RX_BUF                             0x2000073c   Data         200  usart.o(.bss)
    Save_Data                                0x20000804   Data         128  gps.o(.bss)
    today                                    0x20000884   Data          24  gps.o(.bss)
    now1                                     0x2000089c   Data          24  gps.o(.bss)
    __heap_base                              0x200008b8   Data           0  startup_stm32f10x_hd.o(HEAP)
    __heap_limit                             0x20000ab8   Data           0  startup_stm32f10x_hd.o(HEAP)
    __initial_sp                             0x20000eb8   Data           0  startup_stm32f10x_hd.o(STACK)



==============================================================================

Memory Map of the image

  Image Entry point : 0x08000131

  Load Region LR_IROM1 (Base: 0x08000000, Size: 0x00006c90, Max: 0x00080000, ABSOLUTE, COMPRESSED[0x00006994])

    Execution Region ER_IROM1 (Base: 0x08000000, Size: 0x00006564, Max: 0x00080000, ABSOLUTE)

    Base Addr    Size         Type   Attr      Idx    E Section Name        Object

    0x08000000   0x00000130   Data   RO            3    RESET               startup_stm32f10x_hd.o
    0x08000130   0x00000000   Code   RO          691  * .ARM.Collect$$$$00000000  mc_w.l(entry.o)
    0x08000130   0x00000004   Code   RO          999    .ARM.Collect$$$$00000001  mc_w.l(entry2.o)
    0x08000134   0x00000004   Code   RO         1002    .ARM.Collect$$$$00000004  mc_w.l(entry5.o)
    0x08000138   0x00000000   Code   RO         1004    .ARM.Collect$$$$00000008  mc_w.l(entry7b.o)
    0x08000138   0x00000000   Code   RO         1006    .ARM.Collect$$$$0000000A  mc_w.l(entry8b.o)
    0x08000138   0x00000008   Code   RO         1007    .ARM.Collect$$$$0000000B  mc_w.l(entry9a.o)
    0x08000140   0x00000000   Code   RO         1009    .ARM.Collect$$$$0000000D  mc_w.l(entry10a.o)
    0x08000140   0x00000000   Code   RO         1011    .ARM.Collect$$$$0000000F  mc_w.l(entry11a.o)
    0x08000140   0x00000004   Code   RO         1000    .ARM.Collect$$$$00002712  mc_w.l(entry2.o)
    0x08000144   0x00000024   Code   RO            4    .text               startup_stm32f10x_hd.o
    0x08000168   0x000001dc   Code   RO           24    .text               system_stm32f10x.o
    0x08000344   0x000000dc   Code   RO           97    .text               misc.o
    0x08000420   0x0000011c   Code   RO          221    .text               stm32f10x_exti.o
    0x0800053c   0x00000358   Code   RO          263    .text               stm32f10x_gpio.o
    0x08000894   0x00000404   Code   RO          275    .text               stm32f10x_i2c.o
    0x08000c98   0x000003a4   Code   RO          314    .text               stm32f10x_rcc.o
    0x0800103c   0x0000030c   Code   RO          352    .text               stm32f10x_spi.o
    0x08001348   0x00000e1a   Code   RO          364    .text               stm32f10x_tim.o
    0x08002162   0x00000002   PAD
    0x08002164   0x00000408   Code   RO          376    .text               stm32f10x_usart.o
    0x0800256c   0x000000d0   Code   RO          403    .text               main.o
    0x0800263c   0x00000160   Code   RO          468    .text               stm32f10x_it.o
    0x0800279c   0x00000c40   Code   RO          494    .text               bsp_spi_nrf.o
    0x080033dc   0x000000d0   Code   RO          521    .text               delay.o
    0x080034ac   0x00000074   Code   RO          535    .text               keyexti.o
    0x08003520   0x000004c6   Code   RO          547    .text               oled.o
    0x080039e6   0x00000002   PAD
    0x080039e8   0x00000270   Code   RO          566    .text               pcf8563.o
    0x08003c58   0x00000218   Code   RO          578    .text               key.o
    0x08003e70   0x000004f4   Code   RO          590    .text               aes.o
    0x08004364   0x00000018   Code   RO          604    .text               sys.o
    0x0800437c   0x0000024c   Code   RO          616    .text               usart.o
    0x080045c8   0x000003ec   Code   RO          640    .text               gps.o
    0x080049b4   0x0000007a   Code   RO          660    .text               bsp_timebase.o
    0x08004a2e   0x00000002   PAD
    0x08004a30   0x00000024   Code   RO          694    .text               mc_w.l(rand.o)
    0x08004a54   0x000000a0   Code   RO          697    .text               mc_w.l(mktime.o)
    0x08004af4   0x00000024   Code   RO          700    .text               mc_w.l(memcpya.o)
    0x08004b18   0x00000024   Code   RO          702    .text               mc_w.l(memseta.o)
    0x08004b3c   0x00000024   Code   RO          704    .text               mc_w.l(strstr.o)
    0x08004b60   0x0000003e   Code   RO          997    .text               mf_w.l(dfixi.o)
    0x08004b9e   0x0000002c   Code   RO         1013    .text               mc_w.l(uidiv.o)
    0x08004bca   0x00000062   Code   RO         1015    .text               mc_w.l(uldiv.o)
    0x08004c2c   0x00000020   Code   RO         1017    .text               mc_w.l(llushr.o)
    0x08004c4c   0x00000080   Code   RO         1022    .text               mc_w.l(localtime_i.o)
    0x08004ccc   0x00000000   Code   RO         1027    .text               mc_w.l(iusefp.o)
    0x08004ccc   0x0000014e   Code   RO         1028    .text               mf_w.l(dadd.o)
    0x08004e1a   0x000000e4   Code   RO         1030    .text               mf_w.l(dmul.o)
    0x08004efe   0x000000de   Code   RO         1032    .text               mf_w.l(ddiv.o)
    0x08004fdc   0x0000001a   Code   RO         1034    .text               mf_w.l(dfltui.o)
    0x08004ff6   0x00000030   Code   RO         1036    .text               mf_w.l(dfixul.o)
    0x08005026   0x00000002   PAD
    0x08005028   0x00000028   Code   RO         1038    .text               mf_w.l(cdrcmple.o)
    0x08005050   0x00000024   Code   RO         1040    .text               mc_w.l(init.o)
    0x08005074   0x0000001e   Code   RO         1042    .text               mc_w.l(llshl.o)
    0x08005092   0x00000024   Code   RO         1044    .text               mc_w.l(llsshr.o)
    0x080050b6   0x000000be   Code   RO         1046    .text               mf_w.l(depilogue.o)
    0x08005174   0x0000005c   Code   RO         1056    .text               mc_w.l(__dczerorl2.o)
    0x080051d0   0x00000020   Code   RO          941    i.__0printf         mc_w.l(printfa.o)
    0x080051f0   0x00000020   Code   RO          753    i.__0printf$1       mc_w.l(printf1.o)
    0x08005210   0x0000000e   Code   RO         1050    i.__scatterload_copy  mc_w.l(handlers.o)
    0x0800521e   0x00000002   Code   RO         1051    i.__scatterload_null  mc_w.l(handlers.o)
    0x08005220   0x0000000e   Code   RO         1052    i.__scatterload_zeroinit  mc_w.l(handlers.o)
    0x0800522e   0x00000002   PAD
    0x08005230   0x0000015c   Code   RO          948    i._fp_digits        mc_w.l(printfa.o)
    0x0800538c   0x00000154   Code   RO          760    i._printf_core      mc_w.l(printf1.o)
    0x080054e0   0x000006f0   Code   RO          949    i._printf_core      mc_w.l(printfa.o)
    0x08005bd0   0x00000026   Code   RO          950    i._printf_post_padding  mc_w.l(printfa.o)
    0x08005bf6   0x00000030   Code   RO          951    i._printf_pre_padding  mc_w.l(printfa.o)
    0x08005c26   0x00000020   Code   RO          688    i.difftime          m_ws.l(difftime.o)
    0x08005c46   0x00000002   PAD
    0x08005c48   0x00000050   Code   RO          969    i.free              mc_w.l(malloc.o)
    0x08005c98   0x0000006c   Code   RO          970    i.malloc            mc_w.l(malloc.o)
    0x08005d04   0x00000010   Data   RO          495    .constdata          bsp_spi_nrf.o
    0x08005d14   0x00000818   Data   RO          548    .constdata          oled.o
    0x0800652c   0x0000000c   Data   RO          698    .constdata          mc_w.l(mktime.o)
    0x08006538   0x0000000c   Data   RO         1023    .constdata          mc_w.l(localtime_i.o)
    0x08006544   0x00000020   Data   RO         1048    Region$$Table       anon$$obj.o


    Execution Region RW_IRAM1 (Base: 0x20000000, Size: 0x00000eb8, Max: 0x00010000, ABSOLUTE, COMPRESSED[0x00000430])

    Base Addr    Size         Type   Attr      Idx    E Section Name        Object

    0x20000000   0x00000014   Data   RW           25    .data               system_stm32f10x.o
    0x20000014   0x00000014   Data   RW          315    .data               stm32f10x_rcc.o
    0x20000028   0x00000001   Data   RW          405    .data               main.o
    0x20000029   0x00000003   PAD
    0x2000002c   0x00000004   Data   RW          470    .data               stm32f10x_it.o
    0x20000030   0x00000012   Data   RW          496    .data               bsp_spi_nrf.o
    0x20000042   0x00000004   Data   RW          522    .data               delay.o
    0x20000046   0x000004c0   Data   RW          549    .data               oled.o
    0x20000506   0x0000020a   Data   RW          591    .data               aes.o
    0x20000710   0x0000000c   Data   RW          618    .data               usart.o
    0x2000071c   0x00000004   Data   RW          642    .data               gps.o
    0x20000720   0x00000004   Data   RW          695    .data               mc_w.l(rand.o)
    0x20000724   0x00000004   Data   RW         1025    .data               mc_w.l(mvars.o)
    0x20000728   0x00000004   Data   RW         1026    .data               mc_w.l(mvars.o)
    0x2000072c   0x00000010   Zero   RW          469    .bss                stm32f10x_it.o
    0x2000073c   0x000000c8   Zero   RW          617    .bss                usart.o
    0x20000804   0x000000b0   Zero   RW          641    .bss                gps.o
    0x200008b4   0x00000004   PAD
    0x200008b8   0x00000200   Zero   RW            2    HEAP                startup_stm32f10x_hd.o
    0x20000ab8   0x00000400   Zero   RW            1    STACK               startup_stm32f10x_hd.o


==============================================================================

Image component sizes


      Code (inc. data)   RO Data    RW Data    ZI Data      Debug   Object Name

      1268         16          0        522          0       2867   aes.o
      3136        250         16         18          0       7012   bsp_spi_nrf.o
       122          0          0          0          0        681   bsp_timebase.o
         0          0          0          0          0       4212   core_cm3.o
       208         18          0          4          0        923   delay.o
      1004        184          0          4        176       2679   gps.o
       536          4          0          0          0       2229   key.o
       116          6          0          0          0        657   keyexti.o
       208         96          0          1          0      17951   main.o
       220         20          0          0          0       1741   misc.o
      1222         20       2072       1216          0       4441   oled.o
       624         20          0          0          0       2198   pcf8563.o
        36          8        304          0       1536        820   startup_stm32f10x_hd.o
       284         10          0          0          0       2171   stm32f10x_exti.o
       856         40          0          0          0       5581   stm32f10x_gpio.o
      1028         16          0          0          0       9047   stm32f10x_i2c.o
       352         26          0          4         16       2299   stm32f10x_it.o
       932         44          0         20          0       8716   stm32f10x_rcc.o
       780         14          0          0          0       6466   stm32f10x_spi.o
      3610         88          0          0          0      22068   stm32f10x_tim.o
      1032         22          0          0          0       8312   stm32f10x_usart.o
        24          0          0          0          0        552   sys.o
       476         36          0         20          0     266935   system_stm32f10x.o
       588         28          0         12        200       3608   usart.o

    ----------------------------------------------------------------------
     18668        966       2424       1824       1932     384166   Object Totals
         0          0         32          0          0          0   (incl. Generated)
         6          0          0          3          4          0   (incl. Padding)

    ----------------------------------------------------------------------

      Code (inc. data)   RO Data    RW Data    ZI Data      Debug   Library Member Name

        32          0          0          0          0         88   difftime.o
        92          0          0          0          0          0   __dczerorl2.o
         0          0          0          0          0          0   entry.o
         0          0          0          0          0          0   entry10a.o
         0          0          0          0          0          0   entry11a.o
         8          4          0          0          0          0   entry2.o
         4          0          0          0          0          0   entry5.o
         0          0          0          0          0          0   entry7b.o
         0          0          0          0          0          0   entry8b.o
         8          4          0          0          0          0   entry9a.o
        30          0          0          0          0          0   handlers.o
        36          8          0          0          0         68   init.o
         0          0          0          0          0          0   iusefp.o
        30          0          0          0          0         68   llshl.o
        36          0          0          0          0         68   llsshr.o
        32          0          0          0          0         68   llushr.o
       128          6         12          0          0         80   localtime_i.o
       188         20          0          0          0        160   malloc.o
        36          0          0          0          0         68   memcpya.o
        36          0          0          0          0        108   memseta.o
       160         18         12          0          0         80   mktime.o
         0          0          0          8          0          0   mvars.o
       372         16          0          0          0        180   printf1.o
      2242         90          0          0          0        444   printfa.o
        36         10          0          4          0        136   rand.o
        36          0          0          0          0         80   strstr.o
        44          0          0          0          0         80   uidiv.o
        98          0          0          0          0         92   uldiv.o
        40          2          0          0          0         68   cdrcmple.o
       334          0          0          0          0        148   dadd.o
       222          0          0          0          0        100   ddiv.o
       190          0          0          0          0        176   depilogue.o
        62          0          0          0          0         80   dfixi.o
        48          0          0          0          0         68   dfixul.o
        26          0          0          0          0         76   dfltui.o
       228          0          0          0          0         96   dmul.o

    ----------------------------------------------------------------------
      4840        178         24         12          0       2680   Library Totals
         6          0          0          0          0          0   (incl. Padding)

    ----------------------------------------------------------------------

      Code (inc. data)   RO Data    RW Data    ZI Data      Debug   Library Name

        32          0          0          0          0         88   m_ws.l
      3652        176         24         12          0       1780   mc_w.l
      1150          2          0          0          0        812   mf_w.l

    ----------------------------------------------------------------------
      4840        178         24         12          0       2680   Library Totals

    ----------------------------------------------------------------------

==============================================================================


      Code (inc. data)   RO Data    RW Data    ZI Data      Debug   

     23508       1144       2448       1836       1932     383466   Grand Totals
     23508       1144       2448       1072       1932     383466   ELF Image Totals (compressed)
     23508       1144       2448       1072          0          0   ROM Totals

==============================================================================

    Total RO  Size (Code + RO Data)                25956 (  25.35kB)
    Total RW  Size (RW Data + ZI Data)              3768 (   3.68kB)
    Total ROM Size (Code + RO Data + RW Data)      27028 (  26.39kB)

==============================================================================

